Component: ARM Compiler 5.06 update 7 (build 960) Tool: armlink [4d3601]

==============================================================================

Section Cross References

    startup_stm32f10x_md.o(STACK) refers (Special) to heapauxi.o(.text) for __use_two_region_memory
    startup_stm32f10x_md.o(HEAP) refers (Special) to heapauxi.o(.text) for __use_two_region_memory
    startup_stm32f10x_md.o(RESET) refers (Special) to heapauxi.o(.text) for __use_two_region_memory
    startup_stm32f10x_md.o(RESET) refers to startup_stm32f10x_md.o(STACK) for __initial_sp
    startup_stm32f10x_md.o(RESET) refers to startup_stm32f10x_md.o(.text) for Reset_Handler
    startup_stm32f10x_md.o(RESET) refers to stm32f10x_it.o(i.NMI_Handler) for NMI_Handler
    startup_stm32f10x_md.o(RESET) refers to stm32f10x_it.o(i.HardFault_Handler) for HardFault_Handler
    startup_stm32f10x_md.o(RESET) refers to stm32f10x_it.o(i.MemManage_Handler) for MemManage_Handler
    startup_stm32f10x_md.o(RESET) refers to stm32f10x_it.o(i.BusFault_Handler) for BusFault_Handler
    startup_stm32f10x_md.o(RESET) refers to stm32f10x_it.o(i.UsageFault_Handler) for UsageFault_Handler
    startup_stm32f10x_md.o(RESET) refers to stm32f10x_it.o(i.SVC_Handler) for SVC_Handler
    startup_stm32f10x_md.o(RESET) refers to stm32f10x_it.o(i.DebugMon_Handler) for DebugMon_Handler
    startup_stm32f10x_md.o(RESET) refers to stm32f10x_it.o(i.PendSV_Handler) for PendSV_Handler
    startup_stm32f10x_md.o(RESET) refers to stm32f10x_it.o(i.SysTick_Handler) for SysTick_Handler
    startup_stm32f10x_md.o(RESET) refers to timer.o(i.TIM3_IRQHandler) for TIM3_IRQHandler
    startup_stm32f10x_md.o(RESET) refers to fftdmaad.o(i.TIM4_IRQHandler) for TIM4_IRQHandler
    startup_stm32f10x_md.o(RESET) refers to usart.o(i.USART1_IRQHandler) for USART1_IRQHandler
    startup_stm32f10x_md.o(.text) refers (Special) to heapauxi.o(.text) for __use_two_region_memory
    startup_stm32f10x_md.o(.text) refers to system_stm32f10x.o(i.SystemInit) for SystemInit
    startup_stm32f10x_md.o(.text) refers to __main.o(!!!main) for __main
    startup_stm32f10x_md.o(.text) refers to startup_stm32f10x_md.o(HEAP) for Heap_Mem
    startup_stm32f10x_md.o(.text) refers to startup_stm32f10x_md.o(STACK) for Stack_Mem
    system_stm32f10x.o(i.SetSysClock) refers to system_stm32f10x.o(i.SetSysClockTo72) for SetSysClockTo72
    system_stm32f10x.o(i.SystemCoreClockUpdate) refers to system_stm32f10x.o(.data) for SystemCoreClock
    system_stm32f10x.o(i.SystemInit) refers to system_stm32f10x.o(i.SetSysClock) for SetSysClock
    stm32f10x_adc.o(i.ADC_DeInit) refers to stm32f10x_rcc.o(i.RCC_APB2PeriphResetCmd) for RCC_APB2PeriphResetCmd
    stm32f10x_bkp.o(i.BKP_DeInit) refers to stm32f10x_rcc.o(i.RCC_BackupResetCmd) for RCC_BackupResetCmd
    stm32f10x_can.o(i.CAN_DeInit) refers to stm32f10x_rcc.o(i.RCC_APB1PeriphResetCmd) for RCC_APB1PeriphResetCmd
    stm32f10x_can.o(i.CAN_GetITStatus) refers to stm32f10x_can.o(i.CheckITStatus) for CheckITStatus
    stm32f10x_cec.o(i.CEC_DeInit) refers to stm32f10x_rcc.o(i.RCC_APB1PeriphResetCmd) for RCC_APB1PeriphResetCmd
    stm32f10x_dac.o(i.DAC_DeInit) refers to stm32f10x_rcc.o(i.RCC_APB1PeriphResetCmd) for RCC_APB1PeriphResetCmd
    stm32f10x_flash.o(i.FLASH_EnableWriteProtection) refers to stm32f10x_flash.o(i.FLASH_WaitForLastOperation) for FLASH_WaitForLastOperation
    stm32f10x_flash.o(i.FLASH_EraseAllBank1Pages) refers to stm32f10x_flash.o(i.FLASH_WaitForLastBank1Operation) for FLASH_WaitForLastBank1Operation
    stm32f10x_flash.o(i.FLASH_EraseAllPages) refers to stm32f10x_flash.o(i.FLASH_WaitForLastOperation) for FLASH_WaitForLastOperation
    stm32f10x_flash.o(i.FLASH_EraseOptionBytes) refers to stm32f10x_flash.o(i.FLASH_GetReadOutProtectionStatus) for FLASH_GetReadOutProtectionStatus
    stm32f10x_flash.o(i.FLASH_EraseOptionBytes) refers to stm32f10x_flash.o(i.FLASH_WaitForLastOperation) for FLASH_WaitForLastOperation
    stm32f10x_flash.o(i.FLASH_ErasePage) refers to stm32f10x_flash.o(i.FLASH_WaitForLastOperation) for FLASH_WaitForLastOperation
    stm32f10x_flash.o(i.FLASH_ProgramHalfWord) refers to stm32f10x_flash.o(i.FLASH_WaitForLastOperation) for FLASH_WaitForLastOperation
    stm32f10x_flash.o(i.FLASH_ProgramOptionByteData) refers to stm32f10x_flash.o(i.FLASH_WaitForLastOperation) for FLASH_WaitForLastOperation
    stm32f10x_flash.o(i.FLASH_ProgramWord) refers to stm32f10x_flash.o(i.FLASH_WaitForLastOperation) for FLASH_WaitForLastOperation
    stm32f10x_flash.o(i.FLASH_ReadOutProtection) refers to stm32f10x_flash.o(i.FLASH_WaitForLastOperation) for FLASH_WaitForLastOperation
    stm32f10x_flash.o(i.FLASH_UserOptionByteConfig) refers to stm32f10x_flash.o(i.FLASH_WaitForLastOperation) for FLASH_WaitForLastOperation
    stm32f10x_flash.o(i.FLASH_WaitForLastBank1Operation) refers to stm32f10x_flash.o(i.FLASH_GetBank1Status) for FLASH_GetBank1Status
[...]
    .ARM.Collect$$rtentry$$00000000          0x080001ba   Section        0  __rtentry.o(.ARM.Collect$$rtentry$$00000000)
    .ARM.Collect$$rtentry$$00000002          0x080001ba   Section        0  __rtentry2.o(.ARM.Collect$$rtentry$$00000002)
    .ARM.Collect$$rtentry$$00000004          0x080001ba   Section        6  __rtentry4.o(.ARM.Collect$$rtentry$$00000004)
    .ARM.Collect$$rtentry$$00000009          0x080001c0   Section        0  __rtentry2.o(.ARM.Collect$$rtentry$$00000009)
    .ARM.Collect$$rtentry$$0000000A          0x080001c0   Section        4  __rtentry2.o(.ARM.Collect$$rtentry$$0000000A)
    .ARM.Collect$$rtentry$$0000000C          0x080001c4   Section        0  __rtentry2.o(.ARM.Collect$$rtentry$$0000000C)
    .ARM.Collect$$rtentry$$0000000D          0x080001c4   Section        8  __rtentry2.o(.ARM.Collect$$rtentry$$0000000D)
    .ARM.Collect$$rtexit$$00000000           0x080001cc   Section        2  rtexit.o(.ARM.Collect$$rtexit$$00000000)
    .ARM.Collect$$rtexit$$00000002           0x080001ce   Section        0  rtexit2.o(.ARM.Collect$$rtexit$$00000002)
    .ARM.Collect$$rtexit$$00000003           0x080001ce   Section        4  rtexit2.o(.ARM.Collect$$rtexit$$00000003)
    .ARM.Collect$$rtexit$$00000004           0x080001d2   Section        6  rtexit2.o(.ARM.Collect$$rtexit$$00000004)
    .text                                    0x080001d8   Section       64  startup_stm32f10x_md.o(.text)
    .text                                    0x08000218   Section     4576  cr4_fft_1024_stm32.o(.text)
    .text                                    0x080013f8   Section        2  use_no_semi_2.o(.text)
    .text                                    0x080013fc   Section        0  __2printf.o(.text)
    .text                                    0x08001414   Section        0  __2sprintf.o(.text)
    .text                                    0x08001440   Section        0  _printf_dec.o(.text)
    .text                                    0x080014b8   Section        0  __printf_flags_ss_wp.o(.text)
    .text                                    0x08001640   Section      128  strcmpv7m.o(.text)
    .text                                    0x080016c0   Section        0  heapauxi.o(.text)
    .text                                    0x080016c6   Section        2  use_no_semi.o(.text)
    .text                                    0x080016c8   Section        0  _rserrno.o(.text)
    .text                                    0x080016de   Section        0  _printf_intcommon.o(.text)
    .text                                    0x08001790   Section        0  _printf_char_common.o(.text)
    _printf_input_char                       0x08001791   Thumb Code    10  _printf_char_common.o(.text)
    .text                                    0x080017c0   Section        0  _sputc.o(.text)
    .text                                    0x080017cc   Section        0  _printf_char_file.o(.text)
    .text                                    0x080017f0   Section        8  rt_errno_addr_intlibspace.o(.text)
    .text                                    0x080017f8   Section        0  ferror.o(.text)
    .text                                    0x08001800   Section        8  libspace.o(.text)
    .text                                    0x08001808   Section       74  sys_stackheap_outer.o(.text)
    .text                                    0x08001852   Section        0  exit.o(.text)
    i.ADC_Cmd                                0x08001864   Section        0  stm32f10x_adc.o(i.ADC_Cmd)
    i.ADC_DMACmd                             0x0800187a   Section        0  stm32f10x_adc.o(i.ADC_DMACmd)
    i.ADC_DeInit                             0x08001890   Section        0  stm32f10x_adc.o(i.ADC_DeInit)
    i.ADC_ExternalTrigConvCmd                0x080018ec   Section        0  stm32f10x_adc.o(i.ADC_ExternalTrigConvCmd)
    i.ADC_GetCalibrationStatus               0x08001902   Section        0  stm32f10x_adc.o(i.ADC_GetCalibrationStatus)
    i.ADC_GetConversionValue                 0x08001916   Section        0  stm32f10x_adc.o(i.ADC_GetConversionValue)
    i.ADC_GetFlagStatus                      0x0800191e   Section        0  stm32f10x_adc.o(i.ADC_GetFlagStatus)
    i.ADC_GetResetCalibrationStatus          0x08001930   Section        0  stm32f10x_adc.o(i.ADC_GetResetCalibrationStatus)
    i.ADC_Init                               0x08001944   Section        0  stm32f10x_adc.o(i.ADC_Init)
    i.ADC_RegularChannelConfig               0x08001994   Section        0  stm32f10x_adc.o(i.ADC_RegularChannelConfig)
    i.ADC_ResetCalibration                   0x08001a4c   Section        0  stm32f10x_adc.o(i.ADC_ResetCalibration)
    i.ADC_SoftwareStartConvCmd               0x08001a56   Section        0  stm32f10x_adc.o(i.ADC_SoftwareStartConvCmd)
    i.ADC_StartCalibration                   0x08001a6c   Section        0  stm32f10x_adc.o(i.ADC_StartCalibration)
    i.ADCtoHg                                0x08001a76   Section        0  app.o(i.ADCtoHg)
    i.AD_FFT_Init                            0x08001a90   Section        0  fftdmaad.o(i.AD_FFT_Init)
    i.Adc_ECG_Init                           0x08001b98   Section        0  adc.o(i.Adc_ECG_Init)
    i.Adc_Init                               0x08001c24   Section        0  adc.o(i.Adc_Init)
    i.Blood_Pr                               0x08001d44   Section        0  app.o(i.Blood_Pr)
    i.BusFault_Handler                       0x08001e0c   Section        0  stm32f10x_it.o(i.BusFault_Handler)
    i.DMA_Cmd                                0x08001e10   Section        0  stm32f10x_dma.o(i.DMA_Cmd)
    i.DMA_DeInit                             0x08001e28   Section        0  stm32f10x_dma.o(i.DMA_DeInit)
    i.DMA_Init                               0x08001f74   Section        0  stm32f10x_dma.o(i.DMA_Init)
    i.DebugMon_Handler                       0x08001fb0   Section        0  stm32f10x_it.o(i.DebugMon_Handler)
    i.Delay_ms                               0x08001fb2   Section        0  delay.o(i.Delay_ms)
    i.Delay_us                               0x08001fca   Section        0  delay.o(i.Delay_us)
    i.Dynamic_count                          0x08001ff8   Section        0  app.o(i.Dynamic_count)
    i.FindMaxOscillation                     0x080021ac   Section        0  timer.o(i.FindMaxOscillation)
    i.GPIO_Init                              0x08002248   Section        0  stm32f10x_gpio.o(i.GPIO_Init)
    i.GPIO_ReadInputDataBit                  0x0800235e   Section        0  stm32f10x_gpio.o(i.GPIO_ReadInputDataBit)
    i.GPIO_ResetBits                         0x08002370   Section        0  stm32f10x_gpio.o(i.GPIO_ResetBits)
    i.GPIO_SetBits                           0x08002374   Section        0  stm32f10x_gpio.o(i.GPIO_SetBits)
    i.GPIO_WriteBit                          0x08002378   Section        0  stm32f10x_gpio.o(i.GPIO_WriteBit)
    i.Get_Adc                                0x08002384   Section        0  adc.o(i.Get_Adc)
    i.HardFault_Handler                      0x080023b8   Section        0  stm32f10x_it.o(i.HardFault_Handler)
    i.Init_sig                               0x080023bc   Section        0  lit.o(i.Init_sig)
    i.Key1_Init                              0x080023f0   Section        0  key.o(i.Key1_Init)
    i.Key_GetNum                             0x0800241c   Section        0  key.o(i.Key_GetNum)
    i.MemManage_Handler                      0x080024ac   Section        0  stm32f10x_it.o(i.MemManage_Handler)
    i.NMI_Handler                            0x080024b0   Section        0  stm32f10x_it.o(i.NMI_Handler)
    i.NVIC_Configuration                     0x080024b2   Section        0  sys.o(i.NVIC_Configuration)
    i.NVIC_Init                              0x080024c0   Section        0  misc.o(i.NVIC_Init)
    i.NVIC_PriorityGroupConfig               0x08002530   Section        0  misc.o(i.NVIC_PriorityGroupConfig)
    i.OLED_Clear                             0x08002544   Section        0  oled.o(i.OLED_Clear)
    i.OLED_ClearArea                         0x0800256c   Section        0  oled.o(i.OLED_ClearArea)
    i.OLED_DrawLine                          0x08002614   Section        0  oled.o(i.OLED_DrawLine)
    i.OLED_DrawPoint                         0x0800278c   Section        0  oled.o(i.OLED_DrawPoint)
    i.OLED_GPIO_Init                         0x080027dc   Section        0  oled.o(i.OLED_GPIO_Init)
    i.OLED_I2C_SendByte                      0x0800283c   Section        0  oled.o(i.OLED_I2C_SendByte)
    i.OLED_I2C_Start                         0x0800287a   Section        0  oled.o(i.OLED_I2C_Start)
    i.OLED_I2C_Stop                          0x08002896   Section        0  oled.o(i.OLED_I2C_Stop)
    i.OLED_Init                              0x080028ac   Section        0  oled.o(i.OLED_Init)
    i.OLED_Pow                               0x08002946   Section        0  oled.o(i.OLED_Pow)
    i.OLED_SetCursor                         0x0800295a   Section        0  oled.o(i.OLED_SetCursor)
    i.OLED_ShowChar                          0x0800297c   Section        0  oled.o(i.OLED_ShowChar)
    i.OLED_ShowChinese                       0x080029d0   Section        0  oled.o(i.OLED_ShowChinese)
    i.OLED_ShowImage                         0x08002a68   Section        0  oled.o(i.OLED_ShowImage)
    i.OLED_ShowNum                           0x08002b94   Section        0  oled.o(i.OLED_ShowNum)
    i.OLED_ShowString                        0x08002be0   Section        0  oled.o(i.OLED_ShowString)
    i.OLED_Update                            0x08002c10   Section        0  oled.o(i.OLED_Update)
    i.OLED_W_SCL                             0x08002c38   Section        0  oled.o(i.OLED_W_SCL)
    i.OLED_W_SDA                             0x08002c50   Section        0  oled.o(i.OLED_W_SDA)
    i.OLED_WriteCommand                      0x08002c68   Section        0  oled.o(i.OLED_WriteCommand)
    i.OLED_WriteData                         0x08002c88   Section        0  oled.o(i.OLED_WriteData)
    i.PWM_SetCompare3                        0x08002cb8   Section        0  pwm.o(i.PWM_SetCompare3)
    i.PendSV_Handler                         0x08002ccc   Section        0  stm32f10x_it.o(i.PendSV_Handler)
    i.Pump_Init                              0x08002cd0   Section        0  pump.o(i.Pump_Init)
    i.Pump_OFF                               0x08002cfc   Section        0  pump.o(i.Pump_OFF)
    i.Pump_ON                                0x08002d0c   Section        0  pump.o(i.Pump_ON)
    i.RCC_ADCCLKConfig                       0x08002d1c   Section        0  stm32f10x_rcc.o(i.RCC_ADCCLKConfig)
    i.RCC_AHBPeriphClockCmd                  0x08002d34   Section        0  stm32f10x_rcc.o(i.RCC_AHBPeriphClockCmd)
    i.RCC_APB1PeriphClockCmd                 0x08002d54   Section        0  stm32f10x_rcc.o(i.RCC_APB1PeriphClockCmd)
    i.RCC_APB2PeriphClockCmd                 0x08002d74   Section        0  stm32f10x_rcc.o(i.RCC_APB2PeriphClockCmd)
    i.RCC_APB2PeriphResetCmd                 0x08002d94   Section        0  stm32f10x_rcc.o(i.RCC_APB2PeriphResetCmd)
    i.RCC_GetClocksFreq                      0x08002db4   Section        0  stm32f10x_rcc.o(i.RCC_GetClocksFreq)
    i.SVC_Handler                            0x08002e88   Section        0  stm32f10x_it.o(i.SVC_Handler)
    i.SetSysClock                            0x08002e8a   Section        0  system_stm32f10x.o(i.SetSysClock)
    SetSysClock                              0x08002e8b   Thumb Code     8  system_stm32f10x.o(i.SetSysClock)
    i.SetSysClockTo72                        0x08002e94   Section        0  system_stm32f10x.o(i.SetSysClockTo72)
    SetSysClockTo72                          0x08002e95   Thumb Code   214  system_stm32f10x.o(i.SetSysClockTo72)
    i.SysTick_Handler                        0x08002f74   Section        0  stm32f10x_it.o(i.SysTick_Handler)
    i.SystemInit                             0x08002f78   Section        0  system_stm32f10x.o(i.SystemInit)
    i.TIM2_PWM_init                          0x08002fd8   Section        0  fftdmaad.o(i.TIM2_PWM_init)
    i.TIM3_IRQHandler                        0x0800305c   Section        0  timer.o(i.TIM3_IRQHandler)
    i.TIM3_Init                              0x0800311c   Section        0  timer.o(i.TIM3_Init)
    i.TIM4_IRQHandler                        0x08003170   Section        0  fftdmaad.o(i.TIM4_IRQHandler)
    i.TIM_ClearFlag                          0x080033a4   Section        0  stm32f10x_tim.o(i.TIM_ClearFlag)
    i.TIM_ClearITPendingBit                  0x080033aa   Section        0  stm32f10x_tim.o(i.TIM_ClearITPendingBit)
    i.TIM_Cmd                                0x080033b0   Section        0  stm32f10x_tim.o(i.TIM_Cmd)
    i.TIM_CtrlPWMOutputs                     0x080033c8   Section        0  stm32f10x_tim.o(i.TIM_CtrlPWMOutputs)
    i.TIM_GetITStatus                        0x080033e6   Section        0  stm32f10x_tim.o(i.TIM_GetITStatus)
    i.TIM_ITConfig                           0x08003408   Section        0  stm32f10x_tim.o(i.TIM_ITConfig)
    i.TIM_InternalClockConfig                0x0800341a   Section        0  stm32f10x_tim.o(i.TIM_InternalClockConfig)
    i.TIM_OC2Init                            0x08003428   Section        0  stm32f10x_tim.o(i.TIM_OC2Init)
    i.TIM_OCStructInit                       0x080034cc   Section        0  stm32f10x_tim.o(i.TIM_OCStructInit)
    i.TIM_SelectOutputTrigger                0x080034e0   Section        0  stm32f10x_tim.o(i.TIM_SelectOutputTrigger)
    i.TIM_SetCompare3                        0x080034f2   Section        0  stm32f10x_tim.o(i.TIM_SetCompare3)
    i.TIM_TimeBaseInit                       0x080034f8   Section        0  stm32f10x_tim.o(i.TIM_TimeBaseInit)
    i.Timer4_Init                            0x0800359c   Section        0  fftdmaad.o(i.Timer4_Init)
    i.USART1_IRQHandler                      0x08003614   Section        0  usart.o(i.USART1_IRQHandler)
    i.USART2_Configuration                   0x08003648   Section        0  usart.o(i.USART2_Configuration)
    i.USART_Cmd                              0x080036f4   Section        0  stm32f10x_usart.o(i.USART_Cmd)
    i.USART_GetITStatus                      0x0800370c   Section        0  stm32f10x_usart.o(i.USART_GetITStatus)
    i.USART_ITConfig                         0x08003760   Section        0  stm32f10x_usart.o(i.USART_ITConfig)
    i.USART_Init                             0x080037ac   Section        0  stm32f10x_usart.o(i.USART_Init)
    i.USART_SendData                         0x08003884   Section        0  stm32f10x_usart.o(i.USART_SendData)
    i.UsageFault_Handler                     0x0800388c   Section        0  stm32f10x_it.o(i.UsageFault_Handler)
    i.Valve_Init                             0x08003890   Section        0  valve.o(i.Valve_Init)
    i.Valve_ON                               0x080038bc   Section        0  valve.o(i.Valve_ON)
    i._is_digit                              0x080038f0   Section        0  __printf_wp.o(i._is_digit)
    i._sys_exit                              0x080038fe   Section        0  usart.o(i._sys_exit)
    i.fputc                                  0x08003904   Section        0  usart.o(i.fputc)
    i.fre_calcu                              0x08003928   Section        0  fftdmaad.o(i.fre_calcu)
    i.main                                   0x08003c20   Section        0  main.o(i.main)
    i.sqrt                                   0x08003e14   Section        0  sqrt.o(i.sqrt)
    x$fpl$d2f                                0x08003e60   Section       98  d2f.o(x$fpl$d2f)
    x$fpl$dcmpinf                            0x08003ec2   Section       24  dcmpi.o(x$fpl$dcmpinf)
    x$fpl$ddiv                               0x08003edc   Section      688  ddiv.o(x$fpl$ddiv)
    ddiv_entry                               0x08003ee3   Thumb Code     0  ddiv.o(x$fpl$ddiv)
    x$fpl$dfixu                              0x0800418c   Section       90  dfixu.o(x$fpl$dfixu)
    x$fpl$dfltu                              0x080041e6   Section       38  dflt_clz.o(x$fpl$dfltu)
    x$fpl$dleqf                              0x0800420c   Section      120  dleqf.o(x$fpl$dleqf)
    x$fpl$dmul                               0x08004284   Section      340  dmul.o(x$fpl$dmul)
    x$fpl$dnaninf                            0x080043d8   Section      156  dnaninf.o(x$fpl$dnaninf)
    x$fpl$dretinf                            0x08004474   Section       12  dretinf.o(x$fpl$dretinf)
    x$fpl$drleqf                             0x08004480   Section      108  drleqf.o(x$fpl$drleqf)
    x$fpl$dsqrt                              0x080044ec   Section      460  dsqrt_noumaal.o(x$fpl$dsqrt)
    x$fpl$f2d                                0x080046b8   Section       86  f2d.o(x$fpl$f2d)
    x$fpl$fadd                               0x08004710   Section      196  faddsub_clz.o(x$fpl$fadd)
    _fadd1                                   0x0800471f   Thumb Code     0  faddsub_clz.o(x$fpl$fadd)
    x$fpl$fcmpinf                            0x080047d4   Section       24  fcmpi.o(x$fpl$fcmpinf)
    x$fpl$fdiv                               0x080047ec   Section      388  fdiv.o(x$fpl$fdiv)
    _fdiv1                                   0x080047ed   Thumb Code     0  fdiv.o(x$fpl$fdiv)
    x$fpl$ffixu                              0x08004970   Section       62  ffixu.o(x$fpl$ffixu)
    x$fpl$fflt                               0x080049b0   Section       48  fflt_clz.o(x$fpl$fflt)
    x$fpl$ffltu                              0x080049e0   Section       38  fflt_clz.o(x$fpl$ffltu)
    x$fpl$fleqf                              0x08004a08   Section      104  fleqf.o(x$fpl$fleqf)
    x$fpl$fmul                               0x08004a70   Section      258  fmul.o(x$fpl$fmul)
    x$fpl$fnaninf                            0x08004b72   Section      140  fnaninf.o(x$fpl$fnaninf)
    x$fpl$fretinf                            0x08004bfe   Section       10  fretinf.o(x$fpl$fretinf)
    x$fpl$frleqf                             0x08004c08   Section       98  frleqf.o(x$fpl$frleqf)
    x$fpl$frsb                               0x08004c6a   Section       20  faddsub_clz.o(x$fpl$frsb)
    x$fpl$fsub                               0x08004c80   Section      234  faddsub_clz.o(x$fpl$fsub)
    _fsub1                                   0x08004c8f   Thumb Code     0  faddsub_clz.o(x$fpl$fsub)
    .constdata                               0x08004d6a   Section     2806  oled_data.o(.constdata)
    x$fpl$usenofp                            0x08004d6a   Section        0  usenofp.o(x$fpl$usenofp)
    .constdata                               0x08005860   Section       17  __printf_flags_ss_wp.o(.constdata)
    maptable                                 0x08005860   Data          17  __printf_flags_ss_wp.o(.constdata)
    .conststring                             0x08005874   Section       97  main.o(.conststring)
    .data                                    0x20000000   Section       20  stm32f10x_rcc.o(.data)
    APBAHBPrescTable                         0x20000000   Data          16  stm32f10x_rcc.o(.data)
    ADCPrescTable                            0x20000010   Data           4  stm32f10x_rcc.o(.data)
    .data                                    0x20000014   Section        4  adc.o(.data)
    .data                                    0x20000018   Section       20  timer.o(.data)
    .data                                    0x2000002c   Section       32  app.o(.data)
    .data                                    0x2000004c   Section     4116  fftdmaad.o(.data)
    .data                                    0x20001060   Section        1  pwm.o(.data)
    .data                                    0x20001062   Section        6  main.o(.data)
    .data                                    0x20001068   Section        8  usart.o(.data)
    .bss                                     0x20001070   Section     1024  oled.o(.bss)
    .bss                                     0x20001470   Section    12012  timer.o(.bss)
    .bss                                     0x2000435c   Section    12800  fftdmaad.o(.bss)
    .bss                                     0x2000755c   Section      400  usart.o(.bss)
    .bss                                     0x200076ec   Section       96  libspace.o(.bss)
    HEAP                                     0x20007750   Section      512  startup_stm32f10x_md.o(HEAP)
    Heap_Mem                                 0x20007750   Data         512  startup_stm32f10x_md.o(HEAP)
    STACK                                    0x20007950   Section     1024  startup_stm32f10x_md.o(STACK)
    Stack_Mem                                0x20007950   Data        1024  startup_stm32f10x_md.o(STACK)
    __initial_sp                             0x20007d50   Data           0  startup_stm32f10x_md.o(STACK)

    Global Symbols

    Symbol Name                              Value     Ov Type        Size  Object(Section)

    BuildAttributes$$THM_ISAv4$P$D$K$B$S$PE$A:L22UL41UL21$X:L11$S22US41US21$IEEE1$IW$USESV6$~STKCKD$USESV7$~SHL$OTIME$ROPI$IEEEX$EBA8$UX$STANDARDLIB$REQ8$PRES8$EABIv2 0x00000000   Number         0  anon$$obj.o ABSOLUTE
    __ARM_use_no_argv                        0x00000000   Number         0  main.o ABSOLUTE
    _printf_flags                            0x00000000   Number         0  printf_stubs.o ABSOLUTE
    _printf_return_value                     0x00000000   Number         0  printf_stubs.o ABSOLUTE
    _printf_sizespec                         0x00000000   Number         0  printf_stubs.o ABSOLUTE
    _printf_widthprec                        0x00000000   Number         0  printf_stubs.o ABSOLUTE
    __ARM_exceptions_init                     - Undefined Weak Reference
    __alloca_initialize                       - Undefined Weak Reference
    __arm_fini_                               - Undefined Weak Reference
    __arm_preinit_                            - Undefined Weak Reference
    __cpp_initialize__aeabi_                  - Undefined Weak Reference
    __cxa_finalize                            - Undefined Weak Reference
    __sigvec_lookup                           - Undefined Weak Reference
    _atexit_init                              - Undefined Weak Reference
    _call_atexit_fns                          - Undefined Weak Reference
    _clock_init                               - Undefined Weak Reference
    _fp_trap_init                             - Undefined Weak Reference
    _fp_trap_shutdown                         - Undefined Weak Reference
    _get_lc_collate                           - Undefined Weak Reference
    _get_lc_monetary                          - Undefined Weak Reference
    _get_lc_time                              - Undefined Weak Reference
    _getenv_init                              - Undefined Weak Reference
    _handle_redirection                       - Undefined Weak Reference
    _init_alloc                               - Undefined Weak Reference
    _init_user_alloc                          - Undefined Weak Reference
    _initio                                   - Undefined Weak Reference
    _mutex_acquire                            - Undefined Weak Reference
    _mutex_release                            - Undefined Weak Reference
    _printf_mbtowc                            - Undefined Weak Reference
    _printf_wc                                - Undefined Weak Reference
    _rand_init                                - Undefined Weak Reference
    _signal_finish                            - Undefined Weak Reference
    _signal_init                              - Undefined Weak Reference
    _terminate_alloc                          - Undefined Weak Reference
    _terminate_user_alloc                     - Undefined Weak Reference
    _terminateio                              - Undefined Weak Reference
    __Vectors_Size                           0x000000ec   Number         0  startup_stm32f10x_md.o ABSOLUTE
    __Vectors                                0x08000000   Data           4  startup_stm32f10x_md.o(RESET)
    __Vectors_End                            0x080000ec   Data           0  startup_stm32f10x_md.o(RESET)
    __main                                   0x080000ed   Thumb Code     8  __main.o(!!!main)
    __scatterload                            0x080000f5   Thumb Code     0  __scatter.o(!!!scatter)
    __scatterload_rt2                        0x080000f5   Thumb Code    44  __scatter.o(!!!scatter)
    __scatterload_rt2_thumb_only             0x080000f5   Thumb Code     0  __scatter.o(!!!scatter)
    __scatterload_null                       0x08000103   Thumb Code     0  __scatter.o(!!!scatter)
    __decompress                             0x08000129   Thumb Code   100  __dclz77c.o(!!dclz77c)
    __decompress2                            0x08000129   Thumb Code     0  __dclz77c.o(!!dclz77c)
    __scatterload_zeroinit                   0x0800018d   Thumb Code    28  __scatter_zi.o(!!handler_zi)
    _printf_d                                0x080001a9   Thumb Code     0  _printf_d.o(.ARM.Collect$$_printf_percent$$00000009)
    _printf_percent                          0x080001a9   Thumb Code     0  _printf_percent.o(.ARM.Collect$$_printf_percent$$00000000)
    _printf_percent_end                      0x080001af   Thumb Code     0  _printf_percent_end.o(.ARM.Collect$$_printf_percent$$00000017)
    __rt_lib_init                            0x080001b3   Thumb Code     0  libinit.o(.ARM.Collect$$libinit$$00000000)
    __rt_lib_init_alloca_1                   0x080001b5   Thumb Code     0  libinit2.o(.ARM.Collect$$libinit$$0000002E)
    __rt_lib_init_argv_1                     0x080001b5   Thumb Code     0  libinit2.o(.ARM.Collect$$libinit$$0000002C)
    __rt_lib_init_atexit_1                   0x080001b5   Thumb Code     0  libinit2.o(.ARM.Collect$$libinit$$0000001B)
    __rt_lib_init_clock_1                    0x080001b5   Thumb Code     0  libinit2.o(.ARM.Collect$$libinit$$00000021)
    __rt_lib_init_cpp_1                      0x080001b5   Thumb Code     0  libinit2.o(.ARM.Collect$$libinit$$00000032)
    __rt_lib_init_exceptions_1               0x080001b5   Thumb Code     0  libinit2.o(.ARM.Collect$$libinit$$00000030)
    __rt_lib_init_fp_1                       0x080001b5   Thumb Code     0  libinit2.o(.ARM.Collect$$libinit$$00000002)
    __rt_lib_init_fp_trap_1                  0x080001b5   Thumb Code     0  libinit2.o(.ARM.Collect$$libinit$$0000001F)
    __rt_lib_init_getenv_1                   0x080001b5   Thumb Code     0  libinit2.o(.ARM.Collect$$libinit$$00000023)
    __rt_lib_init_heap_1                     0x080001b5   Thumb Code     0  libinit2.o(.ARM.Collect$$libinit$$0000000A)
    __rt_lib_init_lc_collate_1               0x080001b5   Thumb Code     0  libinit2.o(.ARM.Collect$$libinit$$00000011)
    __rt_lib_init_lc_ctype_1                 0x080001b5   Thumb Code     0  libinit2.o(.ARM.Collect$$libinit$$00000013)
    __rt_lib_init_lc_monetary_1              0x080001b5   Thumb Code     0  libinit2.o(.ARM.Collect$$libinit$$00000015)
    __rt_lib_init_lc_numeric_1               0x080001b5   Thumb Code     0  libinit2.o(.ARM.Collect$$libinit$$00000017)
    __rt_lib_init_lc_time_1                  0x080001b5   Thumb Code     0  libinit2.o(.ARM.Collect$$libinit$$00000019)
    __rt_lib_init_preinit_1                  0x080001b5   Thumb Code     0  libinit2.o(.ARM.Collect$$libinit$$00000004)
    __rt_lib_init_rand_1                     0x080001b5   Thumb Code     0  libinit2.o(.ARM.Collect$$libinit$$0000000E)
    __rt_lib_init_return                     0x080001b5   Thumb Code     0  libinit2.o(.ARM.Collect$$libinit$$00000033)
    __rt_lib_init_signal_1                   0x080001b5   Thumb Code     0  libinit2.o(.ARM.Collect$$libinit$$0000001D)
    __rt_lib_init_stdio_1                    0x080001b5   Thumb Code     0  libinit2.o(.ARM.Collect$$libinit$$00000025)
    __rt_lib_init_user_alloc_1               0x080001b5   Thumb Code     0  libinit2.o(.ARM.Collect$$libinit$$0000000C)
    __rt_lib_shutdown                        0x080001b7   Thumb Code     0  libshutdown.o(.ARM.Collect$$libshutdown$$00000000)
    __rt_lib_shutdown_cpp_1                  0x080001b9   Thumb Code     0  libshutdown2.o(.ARM.Collect$$libshutdown$$00000004)
    __rt_lib_shutdown_fini_1                 0x080001b9   Thumb Code     0  libshutdown2.o(.ARM.Collect$$libshutdown$$00000002)
    __rt_lib_shutdown_fp_trap_1              0x080001b9   Thumb Code     0  libshutdown2.o(.ARM.Collect$$libshutdown$$00000009)
    __rt_lib_shutdown_heap_1                 0x080001b9   Thumb Code     0  libshutdown2.o(.ARM.Collect$$libshutdown$$00000011)
    __rt_lib_shutdown_return                 0x080001b9   Thumb Code     0  libshutdown2.o(.ARM.Collect$$libshutdown$$00000012)
    __rt_lib_shutdown_signal_1               0x080001b9   Thumb Code     0  libshutdown2.o(.ARM.Collect$$libshutdown$$0000000C)
    __rt_lib_shutdown_stdio_1                0x080001b9   Thumb Code     0  libshutdown2.o(.ARM.Collect$$libshutdown$$00000006)
    __rt_lib_shutdown_user_alloc_1           0x080001b9   Thumb Code     0  libshutdown2.o(.ARM.Collect$$libshutdown$$0000000E)
    __rt_entry                               0x080001bb   Thumb Code     0  __rtentry.o(.ARM.Collect$$rtentry$$00000000)
    __rt_entry_presh_1                       0x080001bb   Thumb Code     0  __rtentry2.o(.ARM.Collect$$rtentry$$00000002)
    __rt_entry_sh                            0x080001bb   Thumb Code     0  __rtentry4.o(.ARM.Collect$$rtentry$$00000004)
    __rt_entry_li                            0x080001c1   Thumb Code     0  __rtentry2.o(.ARM.Collect$$rtentry$$0000000A)
    __rt_entry_postsh_1                      0x080001c1   Thumb Code     0  __rtentry2.o(.ARM.Collect$$rtentry$$00000009)
    __rt_entry_main                          0x080001c5   Thumb Code     0  __rtentry2.o(.ARM.Collect$$rtentry$$0000000D)
    __rt_entry_postli_1                      0x080001c5   Thumb Code     0  __rtentry2.o(.ARM.Collect$$rtentry$$0000000C)
    __rt_exit                                0x080001cd   Thumb Code     0  rtexit.o(.ARM.Collect$$rtexit$$00000000)
    __rt_exit_ls                             0x080001cf   Thumb Code     0  rtexit2.o(.ARM.Collect$$rtexit$$00000003)
    __rt_exit_prels_1                        0x080001cf   Thumb Code     0  rtexit2.o(.ARM.Collect$$rtexit$$00000002)
    __rt_exit_exit                           0x080001d3   Thumb Code     0  rtexit2.o(.ARM.Collect$$rtexit$$00000004)
    Reset_Handler                            0x080001d9   Thumb Code     8  startup_stm32f10x_md.o(.text)
    ADC1_2_IRQHandler                        0x080001f3   Thumb Code     0  startup_stm32f10x_md.o(.text)
    CAN1_RX1_IRQHandler                      0x080001f3   Thumb Code     0  startup_stm32f10x_md.o(.text)
    CAN1_SCE_IRQHandler                      0x080001f3   Thumb Code     0  startup_stm32f10x_md.o(.text)
    DMA1_Channel1_IRQHandler                 0x080001f3   Thumb Code     0  startup_stm32f10x_md.o(.text)
    DMA1_Channel2_IRQHandler                 0x080001f3   Thumb Code     0  startup_stm32f10x_md.o(.text)
    DMA1_Channel3_IRQHandler                 0x080001f3   Thumb Code     0  startup_stm32f10x_md.o(.text)
    DMA1_Channel4_IRQHandler                 0x080001f3   Thumb Code     0  startup_stm32f10x_md.o(.text)
    DMA1_Channel5_IRQHandler                 0x080001f3   Thumb Code     0  startup_stm32f10x_md.o(.text)
    DMA1_Channel6_IRQHandler                 0x080001f3   Thumb Code     0  startup_stm32f10x_md.o(.text)
    DMA1_Channel7_IRQHandler                 0x080001f3   Thumb Code     0  startup_stm32f10x_md.o(.text)
    EXTI0_IRQHandler                         0x080001f3   Thumb Code     0  startup_stm32f10x_md.o(.text)
    EXTI15_10_IRQHandler                     0x080001f3   Thumb Code     0  startup_stm32f10x_md.o(.text)
    EXTI1_IRQHandler                         0x080001f3   Thumb Code     0  startup_stm32f10x_md.o(.text)
    EXTI2_IRQHandler                         0x080001f3   Thumb Code     0  startup_stm32f10x_md.o(.text)
    EXTI3_IRQHandler                         0x080001f3   Thumb Code     0  startup_stm32f10x_md.o(.text)
    EXTI4_IRQHandler                         0x080001f3   Thumb Code     0  startup_stm32f10x_md.o(.text)
    EXTI9_5_IRQHandler                       0x080001f3   Thumb Code     0  startup_stm32f10x_md.o(.text)
    FLASH_IRQHandler                         0x080001f3   Thumb Code     0  startup_stm32f10x_md.o(.text)
    I2C1_ER_IRQHandler                       0x080001f3   Thumb Code     0  startup_stm32f10x_md.o(.text)
    I2C1_EV_IRQHandler                       0x080001f3   Thumb Code     0  startup_stm32f10x_md.o(.text)
    I2C2_ER_IRQHandler                       0x080001f3   Thumb Code     0  startup_stm32f10x_md.o(.text)
    I2C2_EV_IRQHandler                       0x080001f3   Thumb Code     0  startup_stm32f10x_md.o(.text)
    PVD_IRQHandler                           0x080001f3   Thumb Code     0  startup_stm32f10x_md.o(.text)
    RCC_IRQHandler                           0x080001f3   Thumb Code     0  startup_stm32f10x_md.o(.text)
    RTCAlarm_IRQHandler                      0x080001f3   Thumb Code     0  startup_stm32f10x_md.o(.text)
    RTC_IRQHandler                           0x080001f3   Thumb Code     0  startup_stm32f10x_md.o(.text)
    SPI1_IRQHandler                          0x080001f3   Thumb Code     0  startup_stm32f10x_md.o(.text)
    SPI2_IRQHandler                          0x080001f3   Thumb Code     0  startup_stm32f10x_md.o(.text)
    TAMPER_IRQHandler                        0x080001f3   Thumb Code     0  startup_stm32f10x_md.o(.text)
    TIM1_BRK_IRQHandler                      0x080001f3   Thumb Code     0  startup_stm32f10x_md.o(.text)
    TIM1_CC_IRQHandler                       0x080001f3   Thumb Code     0  startup_stm32f10x_md.o(.text)
    TIM1_TRG_COM_IRQHandler                  0x080001f3   Thumb Code     0  startup_stm32f10x_md.o(.text)
    TIM1_UP_IRQHandler                       0x080001f3   Thumb Code     0  startup_stm32f10x_md.o(.text)
    TIM2_IRQHandler                          0x080001f3   Thumb Code     0  startup_stm32f10x_md.o(.text)
    USART2_IRQHandler                        0x080001f3   Thumb Code     0  startup_stm32f10x_md.o(.text)
    USART3_IRQHandler                        0x080001f3   Thumb Code     0  startup_stm32f10x_md.o(.text)
    USBWakeUp_IRQHandler                     0x080001f3   Thumb Code     0  startup_stm32f10x_md.o(.text)
    USB_HP_CAN1_TX_IRQHandler                0x080001f3   Thumb Code     0  startup_stm32f10x_md.o(.text)
    USB_LP_CAN1_RX0_IRQHandler               0x080001f3   Thumb Code     0  startup_stm32f10x_md.o(.text)
    WWDG_IRQHandler                          0x080001f3   Thumb Code     0  startup_stm32f10x_md.o(.text)
    __user_initial_stackheap                 0x080001f5   Thumb Code     0  startup_stm32f10x_md.o(.text)
    cr4_fft_1024_stm32                       0x08000219   Thumb Code     0  cr4_fft_1024_stm32.o(.text)
    __use_no_semihosting                     0x080013f9   Thumb Code     2  use_no_semi_2.o(.text)
    __2printf                                0x080013fd   Thumb Code    20  __2printf.o(.text)
    __2sprintf                               0x08001415   Thumb Code    38  __2sprintf.o(.text)
    _printf_int_dec                          0x08001441   Thumb Code   104  _printf_dec.o(.text)
    __printf                                 0x080014b9   Thumb Code   388  __printf_flags_ss_wp.o(.text)
    strcmp                                   0x08001641   Thumb Code   128  strcmpv7m.o(.text)
    __use_two_region_memory                  0x080016c1   Thumb Code     2  heapauxi.o(.text)
    __rt_heap_escrow$2region                 0x080016c3   Thumb Code     2  heapauxi.o(.text)
    __rt_heap_expand$2region                 0x080016c5   Thumb Code     2  heapauxi.o(.text)
    __I$use$semihosting                      0x080016c7   Thumb Code     0  use_no_semi.o(.text)
    __use_no_semihosting_swi                 0x080016c7   Thumb Code     2  use_no_semi.o(.text)
    __read_errno                             0x080016c9   Thumb Code    10  _rserrno.o(.text)
    __set_errno                              0x080016d3   Thumb Code    12  _rserrno.o(.text)
    _printf_int_common                       0x080016df   Thumb Code   178  _printf_intcommon.o(.text)
    _printf_char_common                      0x0800179b   Thumb Code    32  _printf_char_common.o(.text)
    _sputc                                   0x080017c1   Thumb Code    10  _sputc.o(.text)
    _printf_char_file                        0x080017cd   Thumb Code    32  _printf_char_file.o(.text)
    __aeabi_errno_addr                       0x080017f1   Thumb Code     8  rt_errno_addr_intlibspace.o(.text)
    __errno$intlibspace                      0x080017f1   Thumb Code     0  rt_errno_addr_intlibspace.o(.text)
    __rt_errno_addr$intlibspace              0x080017f1   Thumb Code     0  rt_errno_addr_intlibspace.o(.text)
    ferror                                   0x080017f9   Thumb Code     8  ferror.o(.text)
    __user_libspace                          0x08001801   Thumb Code     8  libspace.o(.text)
    __user_perproc_libspace                  0x08001801   Thumb Code     0  libspace.o(.text)
    __user_perthread_libspace                0x08001801   Thumb Code     0  libspace.o(.text)
    __user_setup_stackheap                   0x08001809   Thumb Code    74  sys_stackheap_outer.o(.text)
    exit                                     0x08001853   Thumb Code    18  exit.o(.text)
    ADC_Cmd                                  0x08001865   Thumb Code    22  stm32f10x_adc.o(i.ADC_Cmd)
    ADC_DMACmd                               0x0800187b   Thumb Code    22  stm32f10x_adc.o(i.ADC_DMACmd)
    ADC_DeInit                               0x08001891   Thumb Code    78  stm32f10x_adc.o(i.ADC_DeInit)
    ADC_ExternalTrigConvCmd                  0x080018ed   Thumb Code    22  stm32f10x_adc.o(i.ADC_ExternalTrigConvCmd)
    ADC_GetCalibrationStatus                 0x08001903   Thumb Code    20  stm32f10x_adc.o(i.ADC_GetCalibrationStatus)
    ADC_GetConversionValue                   0x08001917   Thumb Code     8  stm32f10x_adc.o(i.ADC_GetConversionValue)
    ADC_GetFlagStatus                        0x0800191f   Thumb Code    18  stm32f10x_adc.o(i.ADC_GetFlagStatus)
    ADC_GetResetCalibrationStatus            0x08001931   Thumb Code    20  stm32f10x_adc.o(i.ADC_GetResetCalibrationStatus)
    ADC_Init                                 0x08001945   Thumb Code    70  stm32f10x_adc.o(i.ADC_Init)
    ADC_RegularChannelConfig                 0x08001995   Thumb Code   184  stm32f10x_adc.o(i.ADC_RegularChannelConfig)
    ADC_ResetCalibration                     0x08001a4d   Thumb Code    10  stm32f10x_adc.o(i.ADC_ResetCalibration)
    ADC_SoftwareStartConvCmd                 0x08001a57   Thumb Code    22  stm32f10x_adc.o(i.ADC_SoftwareStartConvCmd)
    ADC_StartCalibration                     0x08001a6d   Thumb Code    10  stm32f10x_adc.o(i.ADC_StartCalibration)
    ADCtoHg                                  0x08001a77   Thumb Code    24  app.o(i.ADCtoHg)
    AD_FFT_Init                              0x08001a91   Thumb Code   242  fftdmaad.o(i.AD_FFT_Init)
    Adc_ECG_Init                             0x08001b99   Thumb Code   132  adc.o(i.Adc_ECG_Init)
    Adc_Init                                 0x08001c25   Thumb Code   270  adc.o(i.Adc_Init)
    Blood_Pr                                 0x08001d45   Thumb Code   180  app.o(i.Blood_Pr)
    BusFault_Handler                         0x08001e0d   Thumb Code     4  stm32f10x_it.o(i.BusFault_Handler)
    DMA_Cmd                                  0x08001e11   Thumb Code    24  stm32f10x_dma.o(i.DMA_Cmd)
    DMA_DeInit                               0x08001e29   Thumb Code   324  stm32f10x_dma.o(i.DMA_DeInit)
    DMA_Init                                 0x08001f75   Thumb Code    60  stm32f10x_dma.o(i.DMA_Init)
    DebugMon_Handler                         0x08001fb1   Thumb Code     2  stm32f10x_it.o(i.DebugMon_Handler)
    Delay_ms                                 0x08001fb3   Thumb Code    24  delay.o(i.Delay_ms)
    Delay_us                                 0x08001fcb   Thumb Code    46  delay.o(i.Delay_us)
    Dynamic_count                            0x08001ff9   Thumb Code   356  app.o(i.Dynamic_count)
    FindMaxOscillation                       0x080021ad   Thumb Code   152  timer.o(i.FindMaxOscillation)
    GPIO_Init                                0x08002249   Thumb Code   278  stm32f10x_gpio.o(i.GPIO_Init)
    GPIO_ReadInputDataBit                    0x0800235f   Thumb Code    18  stm32f10x_gpio.o(i.GPIO_ReadInputDataBit)
    GPIO_ResetBits                           0x08002371   Thumb Code     4  stm32f10x_gpio.o(i.GPIO_ResetBits)
    GPIO_SetBits                             0x08002375   Thumb Code     4  stm32f10x_gpio.o(i.GPIO_SetBits)
    GPIO_WriteBit                            0x08002379   Thumb Code    10  stm32f10x_gpio.o(i.GPIO_WriteBit)
    Get_Adc                                  0x08002385   Thumb Code    46  adc.o(i.Get_Adc)
    HardFault_Handler                        0x080023b9   Thumb Code     4  stm32f10x_it.o(i.HardFault_Handler)
    Init_sig                                 0x080023bd   Thumb Code    48  lit.o(i.Init_sig)
    Key1_Init                                0x080023f1   Thumb Code    40  key.o(i.Key1_Init)
    Key_GetNum                               0x0800241d   Thumb Code   138  key.o(i.Key_GetNum)
    MemManage_Handler                        0x080024ad   Thumb Code     4  stm32f10x_it.o(i.MemManage_Handler)
    NMI_Handler                              0x080024b1   Thumb Code     2  stm32f10x_it.o(i.NMI_Handler)
    NVIC_Configuration                       0x080024b3   Thumb Code    12  sys.o(i.NVIC_Configuration)
    NVIC_Init                                0x080024c1   Thumb Code   100  misc.o(i.NVIC_Init)
    NVIC_PriorityGroupConfig                 0x08002531   Thumb Code    10  misc.o(i.NVIC_PriorityGroupConfig)
    OLED_Clear                               0x08002545   Thumb Code    36  oled.o(i.OLED_Clear)
    OLED_ClearArea                           0x0800256d   Thumb Code   162  oled.o(i.OLED_ClearArea)
    OLED_DrawLine                            0x08002615   Thumb Code   374  oled.o(i.OLED_DrawLine)
    OLED_DrawPoint                           0x0800278d   Thumb Code    74  oled.o(i.OLED_DrawPoint)
    OLED_GPIO_Init                           0x080027dd   Thumb Code    92  oled.o(i.OLED_GPIO_Init)
    OLED_I2C_SendByte                        0x0800283d   Thumb Code    62  oled.o(i.OLED_I2C_SendByte)
    OLED_I2C_Start                           0x0800287b   Thumb Code    28  oled.o(i.OLED_I2C_Start)
    OLED_I2C_Stop                            0x08002897   Thumb Code    22  oled.o(i.OLED_I2C_Stop)
    OLED_Init                                0x080028ad   Thumb Code   154  oled.o(i.OLED_Init)
    OLED_Pow                                 0x08002947   Thumb Code    20  oled.o(i.OLED_Pow)
    OLED_SetCursor                           0x0800295b   Thumb Code    34  oled.o(i.OLED_SetCursor)
    OLED_ShowChar                            0x0800297d   Thumb Code    74  oled.o(i.OLED_ShowChar)
    OLED_ShowChinese                         0x080029d1   Thumb Code   144  oled.o(i.OLED_ShowChinese)
    OLED_ShowImage                           0x08002a69   Thumb Code   296  oled.o(i.OLED_ShowImage)
    OLED_ShowNum                             0x08002b95   Thumb Code    76  oled.o(i.OLED_ShowNum)
    OLED_ShowString                          0x08002be1   Thumb Code    46  oled.o(i.OLED_ShowString)
    OLED_Update                              0x08002c11   Thumb Code    36  oled.o(i.OLED_Update)
    OLED_W_SCL                               0x08002c39   Thumb Code    18  oled.o(i.OLED_W_SCL)
    OLED_W_SDA                               0x08002c51   Thumb Code    18  oled.o(i.OLED_W_SDA)
    OLED_WriteCommand                        0x08002c69   Thumb Code    32  oled.o(i.OLED_WriteCommand)
    OLED_WriteData                           0x08002c89   Thumb Code    46  oled.o(i.OLED_WriteData)
    PWM_SetCompare3                          0x08002cb9   Thumb Code    14  pwm.o(i.PWM_SetCompare3)
    PendSV_Handler                           0x08002ccd   Thumb Code     2  stm32f10x_it.o(i.PendSV_Handler)
    Pump_Init                                0x08002cd1   Thumb Code    38  pump.o(i.Pump_Init)
    Pump_OFF                                 0x08002cfd   Thumb Code    12  pump.o(i.Pump_OFF)
    Pump_ON                                  0x08002d0d   Thumb Code    12  pump.o(i.Pump_ON)
    RCC_ADCCLKConfig                         0x08002d1d   Thumb Code    18  stm32f10x_rcc.o(i.RCC_ADCCLKConfig)
    RCC_AHBPeriphClockCmd                    0x08002d35   Thumb Code    26  stm32f10x_rcc.o(i.RCC_AHBPeriphClockCmd)
    RCC_APB1PeriphClockCmd                   0x08002d55   Thumb Code    26  stm32f10x_rcc.o(i.RCC_APB1PeriphClockCmd)
    RCC_APB2PeriphClockCmd                   0x08002d75   Thumb Code    26  stm32f10x_rcc.o(i.RCC_APB2PeriphClockCmd)
    RCC_APB2PeriphResetCmd                   0x08002d95   Thumb Code    26  stm32f10x_rcc.o(i.RCC_APB2PeriphResetCmd)
    RCC_GetClocksFreq                        0x08002db5   Thumb Code   192  stm32f10x_rcc.o(i.RCC_GetClocksFreq)
    SVC_Handler                              0x08002e89   Thumb Code     2  stm32f10x_it.o(i.SVC_Handler)
    SysTick_Handler                          0x08002f75   Thumb Code     2  stm32f10x_it.o(i.SysTick_Handler)
    SystemInit                               0x08002f79   Thumb Code    78  system_stm32f10x.o(i.SystemInit)
    TIM2_PWM_init                            0x08002fd9   Thumb Code   122  fftdmaad.o(i.TIM2_PWM_init)
    TIM3_IRQHandler                          0x0800305d   Thumb Code   154  timer.o(i.TIM3_IRQHandler)
    TIM3_Init                                0x0800311d   Thumb Code    80  timer.o(i.TIM3_Init)
    TIM4_IRQHandler                          0x08003171   Thumb Code   486  fftdmaad.o(i.TIM4_IRQHandler)
    TIM_ClearFlag                            0x080033a5   Thumb Code     6  stm32f10x_tim.o(i.TIM_ClearFlag)
    TIM_ClearITPendingBit                    0x080033ab   Thumb Code     6  stm32f10x_tim.o(i.TIM_ClearITPendingBit)
    TIM_Cmd                                  0x080033b1   Thumb Code    24  stm32f10x_tim.o(i.TIM_Cmd)
    TIM_CtrlPWMOutputs                       0x080033c9   Thumb Code    30  stm32f10x_tim.o(i.TIM_CtrlPWMOutputs)
    TIM_GetITStatus                          0x080033e7   Thumb Code    34  stm32f10x_tim.o(i.TIM_GetITStatus)
    TIM_ITConfig                             0x08003409   Thumb Code    18  stm32f10x_tim.o(i.TIM_ITConfig)
    TIM_InternalClockConfig                  0x0800341b   Thumb Code    12  stm32f10x_tim.o(i.TIM_InternalClockConfig)
    TIM_OC2Init                              0x08003429   Thumb Code   154  stm32f10x_tim.o(i.TIM_OC2Init)
    TIM_OCStructInit                         0x080034cd   Thumb Code    20  stm32f10x_tim.o(i.TIM_OCStructInit)
    TIM_SelectOutputTrigger                  0x080034e1   Thumb Code    18  stm32f10x_tim.o(i.TIM_SelectOutputTrigger)
    TIM_SetCompare3                          0x080034f3   Thumb Code     4  stm32f10x_tim.o(i.TIM_SetCompare3)
    TIM_TimeBaseInit                         0x080034f9   Thumb Code   122  stm32f10x_tim.o(i.TIM_TimeBaseInit)
    Timer4_Init                              0x0800359d   Thumb Code   114  fftdmaad.o(i.Timer4_Init)
    USART1_IRQHandler                        0x08003615   Thumb Code    40  usart.o(i.USART1_IRQHandler)
    USART2_Configuration                     0x08003649   Thumb Code   164  usart.o(i.USART2_Configuration)
    USART_Cmd                                0x080036f5   Thumb Code    24  stm32f10x_usart.o(i.USART_Cmd)
    USART_GetITStatus                        0x0800370d   Thumb Code    84  stm32f10x_usart.o(i.USART_GetITStatus)
    USART_ITConfig                           0x08003761   Thumb Code    74  stm32f10x_usart.o(i.USART_ITConfig)
    USART_Init                               0x080037ad   Thumb Code   210  stm32f10x_usart.o(i.USART_Init)
    USART_SendData                           0x08003885   Thumb Code     8  stm32f10x_usart.o(i.USART_SendData)
    UsageFault_Handler                       0x0800388d   Thumb Code     4  stm32f10x_it.o(i.UsageFault_Handler)
    Valve_Init                               0x08003891   Thumb Code    38  valve.o(i.Valve_Init)
    Valve_ON                                 0x080038bd   Thumb Code    46  valve.o(i.Valve_ON)
    _is_digit                                0x080038f1   Thumb Code    14  __printf_wp.o(i._is_digit)
    _sys_exit                                0x080038ff   Thumb Code     4  usart.o(i._sys_exit)
    fputc                                    0x08003905   Thumb Code    32  usart.o(i.fputc)
    fre_calcu                                0x08003929   Thumb Code   680  fftdmaad.o(i.fre_calcu)
    main                                     0x08003c21   Thumb Code   312  main.o(i.main)
    sqrt                                     0x08003e15   Thumb Code    76  sqrt.o(i.sqrt)
    __aeabi_d2f                              0x08003e61   Thumb Code     0  d2f.o(x$fpl$d2f)
    _d2f                                     0x08003e61   Thumb Code    98  d2f.o(x$fpl$d2f)
    __fpl_dcmp_Inf                           0x08003ec3   Thumb Code    24  dcmpi.o(x$fpl$dcmpinf)
    __aeabi_ddiv                             0x08003edd   Thumb Code     0  ddiv.o(x$fpl$ddiv)
    _ddiv                                    0x08003edd   Thumb Code   552  ddiv.o(x$fpl$ddiv)
    __aeabi_d2uiz                            0x0800418d   Thumb Code     0  dfixu.o(x$fpl$dfixu)
    _dfixu                                   0x0800418d   Thumb Code    90  dfixu.o(x$fpl$dfixu)
    __aeabi_ui2d                             0x080041e7   Thumb Code     0  dflt_clz.o(x$fpl$dfltu)
    _dfltu                                   0x080041e7   Thumb Code    38  dflt_clz.o(x$fpl$dfltu)
    __aeabi_cdcmple                          0x0800420d   Thumb Code     0  dleqf.o(x$fpl$dleqf)
    _dcmple                                  0x0800420d   Thumb Code   120  dleqf.o(x$fpl$dleqf)
    __fpl_dcmple_InfNaN                      0x0800426f   Thumb Code     0  dleqf.o(x$fpl$dleqf)
    __aeabi_dmul                             0x08004285   Thumb Code     0  dmul.o(x$fpl$dmul)
    _dmul                                    0x08004285   Thumb Code   332  dmul.o(x$fpl$dmul)
    __fpl_dnaninf                            0x080043d9   Thumb Code   156  dnaninf.o(x$fpl$dnaninf)
    __fpl_dretinf                            0x08004475   Thumb Code    12  dretinf.o(x$fpl$dretinf)
    __aeabi_cdrcmple                         0x08004481   Thumb Code     0  drleqf.o(x$fpl$drleqf)
    _drcmple                                 0x08004481   Thumb Code   108  drleqf.o(x$fpl$drleqf)
    _dsqrt                                   0x080044ed   Thumb Code   456  dsqrt_noumaal.o(x$fpl$dsqrt)
    __aeabi_f2d                              0x080046b9   Thumb Code     0  f2d.o(x$fpl$f2d)
    _f2d                                     0x080046b9   Thumb Code    86  f2d.o(x$fpl$f2d)
    __aeabi_fadd                             0x08004711   Thumb Code     0  faddsub_clz.o(x$fpl$fadd)
    _fadd                                    0x08004711   Thumb Code   196  faddsub_clz.o(x$fpl$fadd)
    __fpl_fcmp_Inf                           0x080047d5   Thumb Code    24  fcmpi.o(x$fpl$fcmpinf)
    __aeabi_fdiv                             0x080047ed   Thumb Code     0  fdiv.o(x$fpl$fdiv)
    _fdiv                                    0x080047ed   Thumb Code   384  fdiv.o(x$fpl$fdiv)
    __aeabi_f2uiz                            0x08004971   Thumb Code     0  ffixu.o(x$fpl$ffixu)
    _ffixu                                   0x08004971   Thumb Code    62  ffixu.o(x$fpl$ffixu)
    __aeabi_i2f                              0x080049b1   Thumb Code     0  fflt_clz.o(x$fpl$fflt)
    _fflt                                    0x080049b1   Thumb Code    48  fflt_clz.o(x$fpl$fflt)
    __aeabi_ui2f                             0x080049e1   Thumb Code     0  fflt_clz.o(x$fpl$ffltu)
    _ffltu                                   0x080049e1   Thumb Code    38  fflt_clz.o(x$fpl$ffltu)
    __aeabi_cfcmple                          0x08004a09   Thumb Code     0  fleqf.o(x$fpl$fleqf)
    _fcmple                                  0x08004a09   Thumb Code   104  fleqf.o(x$fpl$fleqf)
    __fpl_fcmple_InfNaN                      0x08004a5b   Thumb Code     0  fleqf.o(x$fpl$fleqf)
    __aeabi_fmul                             0x08004a71   Thumb Code     0  fmul.o(x$fpl$fmul)
    _fmul                                    0x08004a71   Thumb Code   258  fmul.o(x$fpl$fmul)
    __fpl_fnaninf                            0x08004b73   Thumb Code   140  fnaninf.o(x$fpl$fnaninf)
    __fpl_fretinf                            0x08004bff   Thumb Code    10  fretinf.o(x$fpl$fretinf)
    __aeabi_cfrcmple                         0x08004c09   Thumb Code     0  frleqf.o(x$fpl$frleqf)
    _frcmple                                 0x08004c09   Thumb Code    98  frleqf.o(x$fpl$frleqf)
    __aeabi_frsub                            0x08004c6b   Thumb Code     0  faddsub_clz.o(x$fpl$frsb)
    _frsb                                    0x08004c6b   Thumb Code    20  faddsub_clz.o(x$fpl$frsb)
    __aeabi_fsub                             0x08004c81   Thumb Code     0  faddsub_clz.o(x$fpl$fsub)
    _fsub                                    0x08004c81   Thumb Code   234  faddsub_clz.o(x$fpl$fsub)
    OLED_F8x16                               0x08004d6a   Data        1520  oled_data.o(.constdata)
    __I$use$fp                               0x08004d6a   Number         0  usenofp.o(x$fpl$usenofp)
    OLED_F6x8                                0x0800535a   Data         570  oled_data.o(.constdata)
    OLED_CF16x16                             0x08005594   Data         684  oled_data.o(.constdata)
    Diode                                    0x08005840   Data          32  oled_data.o(.constdata)
    Region$$Table$$Base                      0x080058d8   Number         0  anon$$obj.o(Region$$Table)
    Region$$Table$$Limit                     0x080058f8   Number         0  anon$$obj.o(Region$$Table)
    AD_Value                                 0x20000014   Data           4  adc.o(.data)
    adc_flag                                 0x20000018   Data           1  timer.o(.data)
    ms1                                      0x20000019   Data           1  timer.o(.data)
    num                                      0x2000001a   Data           2  timer.o(.data)
    Flag_M                                   0x2000001c   Data           1  timer.o(.data)
    Flag_1                                   0x2000001d   Data           1  timer.o(.data)
    data_index                               0x20000020   Data           4  timer.o(.data)
    Max_1                                    0x20000024   Data           2  timer.o(.data)
    Max_2                                    0x20000026   Data           2  timer.o(.data)
    Flag_2                                   0x20000028   Data           1  timer.o(.data)
    Time                                     0x2000002a   Data           2  timer.o(.data)
    Dt                                       0x2000002c   Data           4  app.o(.data)
    i                                        0x20000030   Data           1  app.o(.data)
    Flag_Y                                   0x20000031   Data           1  app.o(.data)
    Flag_T                                   0x20000032   Data           1  app.o(.data)
    RP                                       0x20000034   Data           2  app.o(.data)
    MP                                       0x20000036   Data           2  app.o(.data)
    speed                                    0x20000038   Data           2  app.o(.data)
    High_P                                   0x2000003a   Data           2  app.o(.data)
    Low_P                                    0x2000003c   Data           2  app.o(.data)
    Ave_P                                    0x2000003e   Data           2  app.o(.data)
    num2                                     0x20000040   Data           2  app.o(.data)
    P_Max                                    0x20000042   Data           2  app.o(.data)
    H1                                       0x20000044   Data           2  app.o(.data)
    L1                                       0x20000046   Data           2  app.o(.data)
    mi                                       0x20000048   Data           1  app.o(.data)
    corr_pressure                            0x2000004a   Data           2  app.o(.data)
    TableFFT                                 0x2000004c   Data        4080  fftdmaad.o(.data)
    arr1                                     0x2000103c   Data           2  fftdmaad.o(.data)
    psc1                                     0x2000103e   Data           2  fftdmaad.o(.data)
    fus                                      0x20001040   Data           4  fftdmaad.o(.data)
    adxmin                                   0x20001044   Data           4  fftdmaad.o(.data)
    adxmax                                   0x20001048   Data           4  fftdmaad.o(.data)
    fm                                       0x2000104c   Data           2  fftdmaad.o(.data)
    Af                                       0x2000104e   Data           2  fftdmaad.o(.data)
    Aff                                      0x20001050   Data           2  fftdmaad.o(.data)
    F                                        0x20001054   Data           4  fftdmaad.o(.data)
    AV                                       0x20001058   Data           2  fftdmaad.o(.data)
    k                                        0x2000105c   Data           4  fftdmaad.o(.data)
    dt                                       0x20001060   Data           1  pwm.o(.data)
    j                                        0x20001062   Data           2  main.o(.data)
    KeyNum                                   0x20001064   Data           1  main.o(.data)
    value                                    0x20001066   Data           2  main.o(.data)
    __stdout                                 0x20001068   Data           4  usart.o(.data)
    USART1_RX_LENGTH                         0x2000106c   Data           2  usart.o(.data)
    USART_RX_STA                             0x2000106e   Data           2  usart.o(.data)
    OLED_DisplayBuf                          0x20001070   Data        1024  oled.o(.bss)
    adc_data                                 0x20001470   Data       12000  timer.o(.bss)
    VM                                       0x20004350   Data          12  timer.o(.bss)
    AD_Value_PPG                             0x2000435c   Data        2048  fftdmaad.o(.bss)
    fftin                                    0x20004b5c   Data        4096  fftdmaad.o(.bss)
    fftout                                   0x20005b5c   Data        4096  fftdmaad.o(.bss)
    fftbuffer                                0x20006b5c   Data        2048  fftdmaad.o(.bss)
    Vol                                      0x2000735c   Data         512  fftdmaad.o(.bss)
    USART1_RX_BUFF                           0x2000755c   Data         200  usart.o(.bss)
    USART_RX_BUF                             0x20007624   Data         200  usart.o(.bss)
    __libspace_start                         0x200076ec   Data          96  libspace.o(.bss)
    __temporary_stack_top$libspace           0x2000774c   Data           0  libspace.o(.bss)



==============================================================================

Memory Map of the image

  Image Entry point : 0x080000ed

  Load Region LR_IROM1 (Base: 0x08000000, Size: 0x00006968, Max: 0x00040000, ABSOLUTE, COMPRESSED[0x00006514])

    Execution Region ER_IROM1 (Exec base: 0x08000000, Load base: 0x08000000, Size: 0x000058f8, Max: 0x00040000, ABSOLUTE)

    Exec Addr    Load Addr    Size         Type   Attr      Idx    E Section Name        Object

    0x08000000   0x08000000   0x000000ec   Data   RO            3    RESET               startup_stm32f10x_md.o
    0x080000ec   0x080000ec   0x00000008   Code   RO         4148  * !!!main             c_w.l(__main.o)
    0x080000f4   0x080000f4   0x00000034   Code   RO         4587    !!!scatter          c_w.l(__scatter.o)
    0x08000128   0x08000128   0x00000064   Code   RO         4585    !!dclz77c           c_w.l(__dclz77c.o)
    0x0800018c   0x0800018c   0x0000001c   Code   RO         4589    !!handler_zi        c_w.l(__scatter_zi.o)
    0x080001a8   0x080001a8   0x00000000   Code   RO         4143    .ARM.Collect$$_printf_percent$$00000000  c_w.l(_printf_percent.o)
    0x080001a8   0x080001a8   0x00000006   Code   RO         4142    .ARM.Collect$$_printf_percent$$00000009  c_w.l(_printf_d.o)
    0x080001ae   0x080001ae   0x00000004   Code   RO         4293    .ARM.Collect$$_printf_percent$$00000017  c_w.l(_printf_percent_end.o)
    0x080001b2   0x080001b2   0x00000002   Code   RO         4449    .ARM.Collect$$libinit$$00000000  c_w.l(libinit.o)
    0x080001b4   0x080001b4   0x00000000   Code   RO         4460    .ARM.Collect$$libinit$$00000002  c_w.l(libinit2.o)
    0x080001b4   0x080001b4   0x00000000   Code   RO         4462    .ARM.Collect$$libinit$$00000004  c_w.l(libinit2.o)
    0x080001b4   0x080001b4   0x00000000   Code   RO         4465    .ARM.Collect$$libinit$$0000000A  c_w.l(libinit2.o)
    0x080001b4   0x080001b4   0x00000000   Code   RO         4467    .ARM.Collect$$libinit$$0000000C  c_w.l(libinit2.o)
    0x080001b4   0x080001b4   0x00000000   Code   RO         4469    .ARM.Collect$$libinit$$0000000E  c_w.l(libinit2.o)
    0x080001b4   0x080001b4   0x00000000   Code   RO         4472    .ARM.Collect$$libinit$$00000011  c_w.l(libinit2.o)
    0x080001b4   0x080001b4   0x00000000   Code   RO         4474    .ARM.Collect$$libinit$$00000013  c_w.l(libinit2.o)
    0x080001b4   0x080001b4   0x00000000   Code   RO         4476    .ARM.Collect$$libinit$$00000015  c_w.l(libinit2.o)
    0x080001b4   0x080001b4   0x00000000   Code   RO         4478    .ARM.Collect$$libinit$$00000017  c_w.l(libinit2.o)
    0x080001b4   0x080001b4   0x00000000   Code   RO         4480    .ARM.Collect$$libinit$$00000019  c_w.l(libinit2.o)
    0x080001b4   0x080001b4   0x00000000   Code   RO         4482    .ARM.Collect$$libinit$$0000001B  c_w.l(libinit2.o)
    0x080001b4   0x080001b4   0x00000000   Code   RO         4484    .ARM.Collect$$libinit$$0000001D  c_w.l(libinit2.o)
    0x080001b4   0x080001b4   0x00000000   Code   RO         4486    .ARM.Collect$$libinit$$0000001F  c_w.l(libinit2.o)
    0x080001b4   0x080001b4   0x00000000   Code   RO         4488    .ARM.Collect$$libinit$$00000021  c_w.l(libinit2.o)
    0x080001b4   0x080001b4   0x00000000   Code   RO         4490    .ARM.Collect$$libinit$$00000023  c_w.l(libinit2.o)
    0x080001b4   0x080001b4   0x00000000   Code   RO         4492    .ARM.Collect$$libinit$$00000025  c_w.l(libinit2.o)
    0x080001b4   0x080001b4   0x00000000   Code   RO         4496    .ARM.Collect$$libinit$$0000002C  c_w.l(libinit2.o)
    0x080001b4   0x080001b4   0x00000000   Code   RO         4498    .ARM.Collect$$libinit$$0000002E  c_w.l(libinit2.o)
    0x080001b4   0x080001b4   0x00000000   Code   RO         4500    .ARM.Collect$$libinit$$00000030  c_w.l(libinit2.o)
    0x080001b4   0x080001b4   0x00000000   Code   RO         4502    .ARM.Collect$$libinit$$00000032  c_w.l(libinit2.o)
    0x080001b4   0x080001b4   0x00000002   Code   RO         4503    .ARM.Collect$$libinit$$00000033  c_w.l(libinit2.o)
    0x080001b6   0x080001b6   0x00000002   Code   RO         4525    .ARM.Collect$$libshutdown$$00000000  c_w.l(libshutdown.o)
    0x080001b8   0x080001b8   0x00000000   Code   RO         4535    .ARM.Collect$$libshutdown$$00000002  c_w.l(libshutdown2.o)
    0x080001b8   0x080001b8   0x00000000   Code   RO         4537    .ARM.Collect$$libshutdown$$00000004  c_w.l(libshutdown2.o)
    0x080001b8   0x080001b8   0x00000000   Code   RO         4539    .ARM.Collect$$libshutdown$$00000006  c_w.l(libshutdown2.o)
    0x080001b8   0x080001b8   0x00000000   Code   RO         4542    .ARM.Collect$$libshutdown$$00000009  c_w.l(libshutdown2.o)
    0x080001b8   0x080001b8   0x00000000   Code   RO         4545    .ARM.Collect$$libshutdown$$0000000C  c_w.l(libshutdown2.o)
    0x080001b8   0x080001b8   0x00000000   Code   RO         4547    .ARM.Collect$$libshutdown$$0000000E  c_w.l(libshutdown2.o)
    0x080001b8   0x080001b8   0x00000000   Code   RO         4550    .ARM.Collect$$libshutdown$$00000011  c_w.l(libshutdown2.o)
    0x080001b8   0x080001b8   0x00000002   Code   RO         4551    .ARM.Collect$$libshutdown$$00000012  c_w.l(libshutdown2.o)
    0x080001ba   0x080001ba   0x00000000   Code   RO         4230    .ARM.Collect$$rtentry$$00000000  c_w.l(__rtentry.o)
    0x080001ba   0x080001ba   0x00000000   Code   RO         4356    .ARM.Collect$$rtentry$$00000002  c_w.l(__rtentry2.o)
    0x080001ba   0x080001ba   0x00000006   Code   RO         4368    .ARM.Collect$$rtentry$$00000004  c_w.l(__rtentry4.o)
    0x080001c0   0x080001c0   0x00000000   Code   RO         4358    .ARM.Collect$$rtentry$$00000009  c_w.l(__rtentry2.o)
    0x080001c0   0x080001c0   0x00000004   Code   RO         4359    .ARM.Collect$$rtentry$$0000000A  c_w.l(__rtentry2.o)
    0x080001c4   0x080001c4   0x00000000   Code   RO         4361    .ARM.Collect$$rtentry$$0000000C  c_w.l(__rtentry2.o)
    0x080001c4   0x080001c4   0x00000008   Code   RO         4362    .ARM.Collect$$rtentry$$0000000D  c_w.l(__rtentry2.o)
    0x080001cc   0x080001cc   0x00000002   Code   RO         4454    .ARM.Collect$$rtexit$$00000000  c_w.l(rtexit.o)
    0x080001ce   0x080001ce   0x00000000   Code   RO         4507    .ARM.Collect$$rtexit$$00000002  c_w.l(rtexit2.o)
    0x080001ce   0x080001ce   0x00000004   Code   RO         4508    .ARM.Collect$$rtexit$$00000003  c_w.l(rtexit2.o)
    0x080001d2   0x080001d2   0x00000006   Code   RO         4509    .ARM.Collect$$rtexit$$00000004  c_w.l(rtexit2.o)
    0x080001d8   0x080001d8   0x00000040   Code   RO            4    .text               startup_stm32f10x_md.o
    0x08000218   0x08000218   0x000011e0   Code   RO         3966    .text               cr4_fft_1024_stm32.o
    0x080013f8   0x080013f8   0x00000002   Code   RO         4106    .text               c_w.l(use_no_semi_2.o)
    0x080013fa   0x080013fa   0x00000002   PAD
    0x080013fc   0x080013fc   0x00000018   Code   RO         4110    .text               c_w.l(__2printf.o)
    0x08001414   0x08001414   0x0000002c   Code   RO         4112    .text               c_w.l(__2sprintf.o)
    0x08001440   0x08001440   0x00000078   Code   RO         4120    .text               c_w.l(_printf_dec.o)
    0x080014b8   0x080014b8   0x00000188   Code   RO         4139    .text               c_w.l(__printf_flags_ss_wp.o)
    0x08001640   0x08001640   0x00000080   Code   RO         4144    .text               c_w.l(strcmpv7m.o)
    0x080016c0   0x080016c0   0x00000006   Code   RO         4146    .text               c_w.l(heapauxi.o)
    0x080016c6   0x080016c6   0x00000002   Code   RO         4228    .text               c_w.l(use_no_semi.o)
    0x080016c8   0x080016c8   0x00000016   Code   RO         4231    .text               c_w.l(_rserrno.o)
    0x080016de   0x080016de   0x000000b2   Code   RO         4239    .text               c_w.l(_printf_intcommon.o)
    0x08001790   0x08001790   0x00000030   Code   RO         4243    .text               c_w.l(_printf_char_common.o)
    0x080017c0   0x080017c0   0x0000000a   Code   RO         4245    .text               c_w.l(_sputc.o)
    0x080017ca   0x080017ca   0x00000002   PAD
    0x080017cc   0x080017cc   0x00000024   Code   RO         4247    .text               c_w.l(_printf_char_file.o)
    0x080017f0   0x080017f0   0x00000008   Code   RO         4373    .text               c_w.l(rt_errno_addr_intlibspace.o)
    0x080017f8   0x080017f8   0x00000008   Code   RO         4388    .text               c_w.l(ferror.o)
    0x08001800   0x08001800   0x00000008   Code   RO         4400    .text               c_w.l(libspace.o)
    0x08001808   0x08001808   0x0000004a   Code   RO         4403    .text               c_w.l(sys_stackheap_outer.o)
    0x08001852   0x08001852   0x00000012   Code   RO         4442    .text               c_w.l(exit.o)
    0x08001864   0x08001864   0x00000016   Code   RO          202    i.ADC_Cmd           stm32f10x_adc.o
    0x0800187a   0x0800187a   0x00000016   Code   RO          203    i.ADC_DMACmd        stm32f10x_adc.o
    0x08001890   0x08001890   0x0000005c   Code   RO          204    i.ADC_DeInit        stm32f10x_adc.o
    0x080018ec   0x080018ec   0x00000016   Code   RO          207    i.ADC_ExternalTrigConvCmd  stm32f10x_adc.o
    0x08001902   0x08001902   0x00000014   Code   RO          210    i.ADC_GetCalibrationStatus  stm32f10x_adc.o
    0x08001916   0x08001916   0x00000008   Code   RO          211    i.ADC_GetConversionValue  stm32f10x_adc.o
    0x0800191e   0x0800191e   0x00000012   Code   RO          213    i.ADC_GetFlagStatus  stm32f10x_adc.o
    0x08001930   0x08001930   0x00000014   Code   RO          216    i.ADC_GetResetCalibrationStatus  stm32f10x_adc.o
    0x08001944   0x08001944   0x00000050   Code   RO          220    i.ADC_Init          stm32f10x_adc.o
    0x08001994   0x08001994   0x000000b8   Code   RO          224    i.ADC_RegularChannelConfig  stm32f10x_adc.o
    0x08001a4c   0x08001a4c   0x0000000a   Code   RO          225    i.ADC_ResetCalibration  stm32f10x_adc.o
    0x08001a56   0x08001a56   0x00000016   Code   RO          227    i.ADC_SoftwareStartConvCmd  stm32f10x_adc.o
    0x08001a6c   0x08001a6c   0x0000000a   Code   RO          229    i.ADC_StartCalibration  stm32f10x_adc.o
    0x08001a76   0x08001a76   0x00000018   Code   RO         3606    i.ADCtoHg           app.o
    0x08001a8e   0x08001a8e   0x00000002   PAD
    0x08001a90   0x08001a90   0x00000108   Code   RO         3731    i.AD_FFT_Init       fftdmaad.o
    0x08001b98   0x08001b98   0x0000008c   Code   RO         3532    i.Adc_ECG_Init      adc.o
    0x08001c24   0x08001c24   0x00000120   Code   RO         3533    i.Adc_Init          adc.o
    0x08001d44   0x08001d44   0x000000c8   Code   RO         3607    i.Blood_Pr          app.o
    0x08001e0c   0x08001e0c   0x00000004   Code   RO         3897    i.BusFault_Handler  stm32f10x_it.o
    0x08001e10   0x08001e10   0x00000018   Code   RO          911    i.DMA_Cmd           stm32f10x_dma.o
    0x08001e28   0x08001e28   0x0000014c   Code   RO          912    i.DMA_DeInit        stm32f10x_dma.o
    0x08001f74   0x08001f74   0x0000003c   Code   RO          917    i.DMA_Init          stm32f10x_dma.o
    0x08001fb0   0x08001fb0   0x00000002   Code   RO         3898    i.DebugMon_Handler  stm32f10x_it.o
    0x08001fb2   0x08001fb2   0x00000018   Code   RO         3969    i.Delay_ms          delay.o
    0x08001fca   0x08001fca   0x0000002e   Code   RO         3971    i.Delay_us          delay.o
    0x08001ff8   0x08001ff8   0x000001b4   Code   RO         3608    i.Dynamic_count     app.o
    0x080021ac   0x080021ac   0x0000009c   Code   RO         3571    i.FindMaxOscillation  timer.o
    0x08002248   0x08002248   0x00000116   Code   RO         1347    i.GPIO_Init         stm32f10x_gpio.o
    0x0800235e   0x0800235e   0x00000012   Code   RO         1351    i.GPIO_ReadInputDataBit  stm32f10x_gpio.o
    0x08002370   0x08002370   0x00000004   Code   RO         1354    i.GPIO_ResetBits    stm32f10x_gpio.o
    0x08002374   0x08002374   0x00000004   Code   RO         1355    i.GPIO_SetBits      stm32f10x_gpio.o
    0x08002378   0x08002378   0x0000000a   Code   RO         1358    i.GPIO_WriteBit     stm32f10x_gpio.o
    0x08002382   0x08002382   0x00000002   PAD
    0x08002384   0x08002384   0x00000034   Code   RO         3534    i.Get_Adc           adc.o
    0x080023b8   0x080023b8   0x00000004   Code   RO         3899    i.HardFault_Handler  stm32f10x_it.o
    0x080023bc   0x080023bc   0x00000034   Code   RO         3993    i.Init_sig          lit.o
    0x080023f0   0x080023f0   0x0000002c   Code   RO         3244    i.Key1_Init         key.o
    0x0800241c   0x0800241c   0x00000090   Code   RO         3246    i.Key_GetNum        key.o
    0x080024ac   0x080024ac   0x00000004   Code   RO         3900    i.MemManage_Handler  stm32f10x_it.o
    0x080024b0   0x080024b0   0x00000002   Code   RO         3901    i.NMI_Handler       stm32f10x_it.o
    0x080024b2   0x080024b2   0x0000000c   Code   RO         4011    i.NVIC_Configuration  sys.o
    0x080024be   0x080024be   0x00000002   PAD
    0x080024c0   0x080024c0   0x00000070   Code   RO          137    i.NVIC_Init         misc.o
    0x08002530   0x08002530   0x00000014   Code   RO          138    i.NVIC_PriorityGroupConfig  misc.o
    0x08002544   0x08002544   0x00000028   Code   RO         3280    i.OLED_Clear        oled.o
    0x0800256c   0x0800256c   0x000000a8   Code   RO         3281    i.OLED_ClearArea    oled.o
    0x08002614   0x08002614   0x00000176   Code   RO         3285    i.OLED_DrawLine     oled.o
    0x0800278a   0x0800278a   0x00000002   PAD
    0x0800278c   0x0800278c   0x00000050   Code   RO         3286    i.OLED_DrawPoint    oled.o
    0x080027dc   0x080027dc   0x00000060   Code   RO         3289    i.OLED_GPIO_Init    oled.o
    0x0800283c   0x0800283c   0x0000003e   Code   RO         3291    i.OLED_I2C_SendByte  oled.o
    0x0800287a   0x0800287a   0x0000001c   Code   RO         3292    i.OLED_I2C_Start    oled.o
    0x08002896   0x08002896   0x00000016   Code   RO         3293    i.OLED_I2C_Stop     oled.o
    0x080028ac   0x080028ac   0x0000009a   Code   RO         3294    i.OLED_Init         oled.o
    0x08002946   0x08002946   0x00000014   Code   RO         3296    i.OLED_Pow          oled.o
    0x0800295a   0x0800295a   0x00000022   Code   RO         3300    i.OLED_SetCursor    oled.o
    0x0800297c   0x0800297c   0x00000054   Code   RO         3302    i.OLED_ShowChar     oled.o
    0x080029d0   0x080029d0   0x00000098   Code   RO         3303    i.OLED_ShowChinese  oled.o
    0x08002a68   0x08002a68   0x0000012c   Code   RO         3306    i.OLED_ShowImage    oled.o
    0x08002b94   0x08002b94   0x0000004c   Code   RO         3307    i.OLED_ShowNum      oled.o
    0x08002be0   0x08002be0   0x0000002e   Code   RO         3309    i.OLED_ShowString   oled.o
    0x08002c0e   0x08002c0e   0x00000002   PAD
    0x08002c10   0x08002c10   0x00000028   Code   RO         3310    i.OLED_Update       oled.o
    0x08002c38   0x08002c38   0x00000018   Code   RO         3312    i.OLED_W_SCL        oled.o
    0x08002c50   0x08002c50   0x00000018   Code   RO         3313    i.OLED_W_SDA        oled.o
    0x08002c68   0x08002c68   0x00000020   Code   RO         3314    i.OLED_WriteCommand  oled.o
    0x08002c88   0x08002c88   0x0000002e   Code   RO         3315    i.OLED_WriteData    oled.o
    0x08002cb6   0x08002cb6   0x00000002   PAD
    0x08002cb8   0x08002cb8   0x00000014   Code   RO         3796    i.PWM_SetCompare3   pwm.o
    0x08002ccc   0x08002ccc   0x00000002   Code   RO         3902    i.PendSV_Handler    stm32f10x_it.o
    0x08002cce   0x08002cce   0x00000002   PAD
    0x08002cd0   0x08002cd0   0x0000002c   Code   RO         3656    i.Pump_Init         pump.o
    0x08002cfc   0x08002cfc   0x00000010   Code   RO         3657    i.Pump_OFF          pump.o
    0x08002d0c   0x08002d0c   0x00000010   Code   RO         3658    i.Pump_ON           pump.o
    0x08002d1c   0x08002d1c   0x00000018   Code   RO         1773    i.RCC_ADCCLKConfig  stm32f10x_rcc.o
    0x08002d34   0x08002d34   0x00000020   Code   RO         1774    i.RCC_AHBPeriphClockCmd  stm32f10x_rcc.o
    0x08002d54   0x08002d54   0x00000020   Code   RO         1775    i.RCC_APB1PeriphClockCmd  stm32f10x_rcc.o
    0x08002d74   0x08002d74   0x00000020   Code   RO         1777    i.RCC_APB2PeriphClockCmd  stm32f10x_rcc.o
    0x08002d94   0x08002d94   0x00000020   Code   RO         1778    i.RCC_APB2PeriphResetCmd  stm32f10x_rcc.o
    0x08002db4   0x08002db4   0x000000d4   Code   RO         1785    i.RCC_GetClocksFreq  stm32f10x_rcc.o
    0x08002e88   0x08002e88   0x00000002   Code   RO         3903    i.SVC_Handler       stm32f10x_it.o
    0x08002e8a   0x08002e8a   0x00000008   Code   RO           24    i.SetSysClock       system_stm32f10x.o
    0x08002e92   0x08002e92   0x00000002   PAD
    0x08002e94   0x08002e94   0x000000e0   Code   RO           25    i.SetSysClockTo72   system_stm32f10x.o
    0x08002f74   0x08002f74   0x00000002   Code   RO         3904    i.SysTick_Handler   stm32f10x_it.o
    0x08002f76   0x08002f76   0x00000002   PAD
    0x08002f78   0x08002f78   0x00000060   Code   RO           27    i.SystemInit        system_stm32f10x.o
    0x08002fd8   0x08002fd8   0x00000084   Code   RO         3732    i.TIM2_PWM_init     fftdmaad.o
    0x0800305c   0x0800305c   0x000000c0   Code   RO         3572    i.TIM3_IRQHandler   timer.o
    0x0800311c   0x0800311c   0x00000054   Code   RO         3573    i.TIM3_Init         timer.o
    0x08003170   0x08003170   0x00000234   Code   RO         3733    i.TIM4_IRQHandler   fftdmaad.o
    0x080033a4   0x080033a4   0x00000006   Code   RO         2415    i.TIM_ClearFlag     stm32f10x_tim.o
    0x080033aa   0x080033aa   0x00000006   Code   RO         2416    i.TIM_ClearITPendingBit  stm32f10x_tim.o
    0x080033b0   0x080033b0   0x00000018   Code   RO         2421    i.TIM_Cmd           stm32f10x_tim.o
    0x080033c8   0x080033c8   0x0000001e   Code   RO         2423    i.TIM_CtrlPWMOutputs  stm32f10x_tim.o
    0x080033e6   0x080033e6   0x00000022   Code   RO         2442    i.TIM_GetITStatus   stm32f10x_tim.o
    0x08003408   0x08003408   0x00000012   Code   RO         2446    i.TIM_ITConfig      stm32f10x_tim.o
    0x0800341a   0x0800341a   0x0000000c   Code   RO         2448    i.TIM_InternalClockConfig  stm32f10x_tim.o
    0x08003426   0x08003426   0x00000002   PAD
    0x08003428   0x08003428   0x000000a4   Code   RO         2455    i.TIM_OC2Init       stm32f10x_tim.o
    0x080034cc   0x080034cc   0x00000014   Code   RO         2468    i.TIM_OCStructInit  stm32f10x_tim.o
    0x080034e0   0x080034e0   0x00000012   Code   RO         2478    i.TIM_SelectOutputTrigger  stm32f10x_tim.o
    0x080034f2   0x080034f2   0x00000004   Code   RO         2484    i.TIM_SetCompare3   stm32f10x_tim.o
    0x080034f6   0x080034f6   0x00000002   PAD
    0x080034f8   0x080034f8   0x000000a4   Code   RO         2492    i.TIM_TimeBaseInit  stm32f10x_tim.o
    0x0800359c   0x0800359c   0x00000078   Code   RO         3734    i.Timer4_Init       fftdmaad.o
    0x08003614   0x08003614   0x00000034   Code   RO         4046    i.USART1_IRQHandler  usart.o
    0x08003648   0x08003648   0x000000ac   Code   RO         4047    i.USART2_Configuration  usart.o
    0x080036f4   0x080036f4   0x00000018   Code   RO         2960    i.USART_Cmd         stm32f10x_usart.o
    0x0800370c   0x0800370c   0x00000054   Code   RO         2964    i.USART_GetITStatus  stm32f10x_usart.o
    0x08003760   0x08003760   0x0000004a   Code   RO         2966    i.USART_ITConfig    stm32f10x_usart.o
    0x080037aa   0x080037aa   0x00000002   PAD
    0x080037ac   0x080037ac   0x000000d8   Code   RO         2967    i.USART_Init        stm32f10x_usart.o
    0x08003884   0x08003884   0x00000008   Code   RO         2977    i.USART_SendData    stm32f10x_usart.o
    0x0800388c   0x0800388c   0x00000004   Code   RO         3905    i.UsageFault_Handler  stm32f10x_it.o
    0x08003890   0x08003890   0x0000002c   Code   RO         3686    i.Valve_Init        valve.o
    0x080038bc   0x080038bc   0x00000034   Code   RO         3688    i.Valve_ON          valve.o
    0x080038f0   0x080038f0   0x0000000e   Code   RO         4132    i._is_digit         c_w.l(__printf_wp.o)
    0x080038fe   0x080038fe   0x00000004   Code   RO         4049    i._sys_exit         usart.o
    0x08003902   0x08003902   0x00000002   PAD
    0x08003904   0x08003904   0x00000024   Code   RO         4050    i.fputc             usart.o
    0x08003928   0x08003928   0x000002f8   Code   RO         3735    i.fre_calcu         fftdmaad.o
    0x08003c20   0x08003c20   0x000001f4   Code   RO         3826    i.main              main.o
    0x08003e14   0x08003e14   0x0000004c   Code   RO         4221    i.sqrt              m_ws.l(sqrt.o)
    0x08003e60   0x08003e60   0x00000062   Code   RO         4150    x$fpl$d2f           fz_ws.l(d2f.o)
    0x08003ec2   0x08003ec2   0x00000018   Code   RO         4303    x$fpl$dcmpinf       fz_ws.l(dcmpi.o)
    0x08003eda   0x08003eda   0x00000002   PAD
    0x08003edc   0x08003edc   0x000002b0   Code   RO         4159    x$fpl$ddiv          fz_ws.l(ddiv.o)
    0x0800418c   0x0800418c   0x0000005a   Code   RO         4166    x$fpl$dfixu         fz_ws.l(dfixu.o)
    0x080041e6   0x080041e6   0x00000026   Code   RO         4170    x$fpl$dfltu         fz_ws.l(dflt_clz.o)
    0x0800420c   0x0800420c   0x00000078   Code   RO         4176    x$fpl$dleqf         fz_ws.l(dleqf.o)
    0x08004284   0x08004284   0x00000154   Code   RO         4178    x$fpl$dmul          fz_ws.l(dmul.o)
    0x080043d8   0x080043d8   0x0000009c   Code   RO         4307    x$fpl$dnaninf       fz_ws.l(dnaninf.o)
    0x08004474   0x08004474   0x0000000c   Code   RO         4309    x$fpl$dretinf       fz_ws.l(dretinf.o)
    0x08004480   0x08004480   0x0000006c   Code   RO         4180    x$fpl$drleqf        fz_ws.l(drleqf.o)
    0x080044ec   0x080044ec   0x000001cc   Code   RO         4313    x$fpl$dsqrt         fz_ws.l(dsqrt_noumaal.o)
    0x080046b8   0x080046b8   0x00000056   Code   RO         4182    x$fpl$f2d           fz_ws.l(f2d.o)
    0x0800470e   0x0800470e   0x00000002   PAD
    0x08004710   0x08004710   0x000000c4   Code   RO         4184    x$fpl$fadd          fz_ws.l(faddsub_clz.o)
    0x080047d4   0x080047d4   0x00000018   Code   RO         4315    x$fpl$fcmpinf       fz_ws.l(fcmpi.o)
    0x080047ec   0x080047ec   0x00000184   Code   RO         4191    x$fpl$fdiv          fz_ws.l(fdiv.o)
    0x08004970   0x08004970   0x0000003e   Code   RO         4194    x$fpl$ffixu         fz_ws.l(ffixu.o)
    0x080049ae   0x080049ae   0x00000002   PAD
    0x080049b0   0x080049b0   0x00000030   Code   RO         4199    x$fpl$fflt          fz_ws.l(fflt_clz.o)
    0x080049e0   0x080049e0   0x00000026   Code   RO         4198    x$fpl$ffltu         fz_ws.l(fflt_clz.o)
    0x08004a06   0x08004a06   0x00000002   PAD
    0x08004a08   0x08004a08   0x00000068   Code   RO         4204    x$fpl$fleqf         fz_ws.l(fleqf.o)
    0x08004a70   0x08004a70   0x00000102   Code   RO         4206    x$fpl$fmul          fz_ws.l(fmul.o)
    0x08004b72   0x08004b72   0x0000008c   Code   RO         4317    x$fpl$fnaninf       fz_ws.l(fnaninf.o)
    0x08004bfe   0x08004bfe   0x0000000a   Code   RO         4319    x$fpl$fretinf       fz_ws.l(fretinf.o)
    0x08004c08   0x08004c08   0x00000062   Code   RO         4208    x$fpl$frleqf        fz_ws.l(frleqf.o)
    0x08004c6a   0x08004c6a   0x00000014   Code   RO         4185    x$fpl$frsb          fz_ws.l(faddsub_clz.o)
    0x08004c7e   0x08004c7e   0x00000002   PAD
    0x08004c80   0x08004c80   0x000000ea   Code   RO         4186    x$fpl$fsub          fz_ws.l(faddsub_clz.o)
    0x08004d6a   0x08004d6a   0x00000000   Code   RO         4329    x$fpl$usenofp       fz_ws.l(usenofp.o)
    0x08004d6a   0x08004d6a   0x00000af6   Data   RO         3781    .constdata          oled_data.o
    0x08005860   0x08005860   0x00000011   Data   RO         4140    .constdata          c_w.l(__printf_flags_ss_wp.o)
    0x08005871   0x08005871   0x00000003   PAD
    0x08005874   0x08005874   0x00000061   Data   RO         3827    .conststring        main.o
    0x080058d5   0x080058d5   0x00000003   PAD
    0x080058d8   0x080058d8   0x00000020   Data   RO         4583    Region$$Table       anon$$obj.o


    Execution Region RW_IRAM1 (Exec base: 0x20000000, Load base: 0x080058f8, Size: 0x00007d50, Max: 0x0000c000, ABSOLUTE, COMPRESSED[0x00000c1c])

    Exec Addr    Load Addr    Size         Type   Attr      Idx    E Section Name        Object

    0x20000000   COMPRESSED   0x00000014   Data   RW         1805    .data               stm32f10x_rcc.o
    0x20000014   COMPRESSED   0x00000004   Data   RW         3536    .data               adc.o
    0x20000018   COMPRESSED   0x00000014   Data   RW         3575    .data               timer.o
    0x2000002c   COMPRESSED   0x00000020   Data   RW         3610    .data               app.o
    0x2000004c   COMPRESSED   0x00001014   Data   RW         3737    .data               fftdmaad.o
    0x20001060   COMPRESSED   0x00000001   Data   RW         3797    .data               pwm.o
    0x20001061   COMPRESSED   0x00000001   PAD
    0x20001062   COMPRESSED   0x00000006   Data   RW         3828    .data               main.o
    0x20001068   COMPRESSED   0x00000008   Data   RW         4053    .data               usart.o
    0x20001070        -       0x00000400   Zero   RW         3317    .bss                oled.o
    0x20001470        -       0x00002eec   Zero   RW         3574    .bss                timer.o
    0x2000435c        -       0x00003200   Zero   RW         3736    .bss                fftdmaad.o
    0x2000755c        -       0x00000190   Zero   RW         4052    .bss                usart.o
    0x200076ec        -       0x00000060   Zero   RW         4401    .bss                c_w.l(libspace.o)
    0x2000774c   COMPRESSED   0x00000004   PAD
    0x20007750        -       0x00000200   Zero   RW            2    HEAP                startup_stm32f10x_md.o
    0x20007950        -       0x00000400   Zero   RW            1    STACK               startup_stm32f10x_md.o


==============================================================================

Image component sizes


      Code (inc. data)   RO Data    RW Data    ZI Data      Debug   Object Name

       480         32          0          4          0       2271   adc.o
       660        100          0         32          0       2191   app.o
         0          0          0          0          0       4540   core_cm3.o
      4576       4080          0          0          0        324   cr4_fft_1024_stm32.o
        70          0          0          0          0        898   delay.o
      1840        196          0       4116      12800       4794   fftdmaad.o
       188         10          0          0          0        985   key.o
        52          4          0          0          0        451   lit.o
       500        188         97          6          0       1032   main.o
       132         22          0          0          0     215103   misc.o
      1902         58          0          0       1024      13465   oled.o
         0          0       2806          0          0       1062   oled_data.o
        76         14          0          0          0       1261   pump.o
        20          6          0          1          0        663   pwm.o
        64         26        236          0       1536        796   startup_stm32f10x_md.o
       530         24          0          0          0      19629   stm32f10x_adc.o
       416          8          0          0          0      12986   stm32f10x_dma.o
       314          0          0          0          0      12236   stm32f10x_gpio.o
        26          0          0          0          0       3614   stm32f10x_it.o
       364         50          0         20          0      14418   stm32f10x_rcc.o
       500         52          0          0          0      27146   stm32f10x_tim.o
       406          6          0          0          0      10671   stm32f10x_usart.o
        12          0          0          0          0        417   sys.o
       328         28          0          0          0      54897   system_stm32f10x.o
       432         46          0         20      12012       2866   timer.o
       264         24          0          8        400       3959   usart.o
        96         12          0          0          0        912   valve.o

    ----------------------------------------------------------------------
     14274       4986       3174       4208      27772     413587   Object Totals
         0          0         32          0          0          0   (incl. Generated)
        26          0          3          1          0          0   (incl. Padding)

    ----------------------------------------------------------------------

      Code (inc. data)   RO Data    RW Data    ZI Data      Debug   Library Member Name

        24          4          0          0          0         84   __2printf.o
        44          6          0          0          0         84   __2sprintf.o
       100          0          0          0          0          0   __dclz77c.o
         8          0          0          0          0         68   __main.o
       392          4         17          0          0         92   __printf_flags_ss_wp.o
        14          0          0          0          0         68   __printf_wp.o
         0          0          0          0          0          0   __rtentry.o
        12          0          0          0          0          0   __rtentry2.o
         6          0          0          0          0          0   __rtentry4.o
        52          8          0          0          0          0   __scatter.o
        28          0          0          0          0          0   __scatter_zi.o
        48          6          0          0          0         96   _printf_char_common.o
        36          4          0          0          0         80   _printf_char_file.o
         6          0          0          0          0          0   _printf_d.o
       120         16          0          0          0         92   _printf_dec.o
       178          0          0          0          0         88   _printf_intcommon.o
         0          0          0          0          0          0   _printf_percent.o
         4          0          0          0          0          0   _printf_percent_end.o
        22          0          0          0          0        100   _rserrno.o
        10          0          0          0          0         68   _sputc.o
        18          0          0          0          0         80   exit.o
         8          0          0          0          0         68   ferror.o
         6          0          0          0          0        152   heapauxi.o
         2          0          0          0          0          0   libinit.o
         2          0          0          0          0          0   libinit2.o
         2          0          0          0          0          0   libshutdown.o
         2          0          0          0          0          0   libshutdown2.o
         8          4          0          0         96         68   libspace.o
         8          4          0          0          0         68   rt_errno_addr_intlibspace.o
         2          0          0          0          0          0   rtexit.o
        10          0          0          0          0          0   rtexit2.o
       128          0          0          0          0         68   strcmpv7m.o
        74          0          0          0          0         80   sys_stackheap_outer.o
         2          0          0          0          0         68   use_no_semi.o
         2          0          0          0          0         68   use_no_semi_2.o
        98          4          0          0          0         92   d2f.o
        24          0          0          0          0         68   dcmpi.o
       688        140          0          0          0        208   ddiv.o
        90          4          0          0          0         92   dfixu.o
        38          0          0          0          0         68   dflt_clz.o
       120          4          0          0          0         92   dleqf.o
       340         12          0          0          0        104   dmul.o
       156          4          0          0          0         92   dnaninf.o
        12          0          0          0          0         68   dretinf.o
       108          0          0          0          0         80   drleqf.o
       460         56          0          0          0        120   dsqrt_noumaal.o
        86          4          0          0          0         84   f2d.o
       450          8          0          0          0        236   faddsub_clz.o
        24          0          0          0          0         68   fcmpi.o
       388         76          0          0          0         96   fdiv.o
        62          4          0          0          0         84   ffixu.o
        86          0          0          0          0        136   fflt_clz.o
       104          4          0          0          0         84   fleqf.o
       258          4          0          0          0         84   fmul.o
       140          4          0          0          0         84   fnaninf.o
        10          0          0          0          0         68   fretinf.o
        98          0          0          0          0         68   frleqf.o
         0          0          0          0          0          0   usenofp.o
        76          0          0          0          0         84   sqrt.o

    ----------------------------------------------------------------------
      5308        384         20          0        100       3900   Library Totals
        14          0          3          0          4          0   (incl. Padding)

    ----------------------------------------------------------------------

      Code (inc. data)   RO Data    RW Data    ZI Data      Debug   Library Name

      1378         56         17          0         96       1640   c_w.l
      3840        328          0          0          0       2176   fz_ws.l
        76          0          0          0          0         84   m_ws.l

    ----------------------------------------------------------------------
      5308        384         20          0        100       3900   Library Totals

    ----------------------------------------------------------------------

==============================================================================


      Code (inc. data)   RO Data    RW Data    ZI Data      Debug   

     19582       5370       3194       4208      27872     409839   Grand Totals
     19582       5370       3194       3100      27872     409839   ELF Image Totals (compressed)
     19582       5370       3194       3100          0          0   ROM Totals

==============================================================================

    Total RO  Size (Code + RO Data)                22776 (  22.24kB)
    Total RW  Size (RW Data + ZI Data)             32080 (  31.33kB)
    Total ROM Size (Code + RO Data + RW Data)      25876 (  25.27kB)

==============================================================================

